

================================================================
== Vivado HLS Report for 'fft_stage_177'
================================================================
* Date:           Sat Apr 15 16:54:48 2023

* Version:        2020.1 (Build 2897737 on Wed May 27 20:21:37 MDT 2020)
* Project:        fft
* Solution:       solution1
* Product family: virtex7
* Target device:  xc7vx485t-ffg1157-1


================================================================
== Performance Estimates
================================================================
+ Timing: 
    * Summary: 
    +--------+----------+----------+------------+
    |  Clock |  Target  | Estimated| Uncertainty|
    +--------+----------+----------+------------+
    |ap_clk  | 10.00 ns | 8.723 ns |   1.25 ns  |
    +--------+----------+----------+------------+

+ Latency: 
    * Summary: 
    +---------+---------+----------+----------+-----+-----+---------+
    |  Latency (cycles) |  Latency (absolute) |  Interval | Pipeline|
    |   min   |   max   |    min   |    max   | min | max |   Type  |
    +---------+---------+----------+----------+-----+-----+---------+
    |        ?|        ?|         ?|         ?|    ?|    ?|   none  |
    +---------+---------+----------+----------+-----+-----+---------+

    + Detail: 
        * Instance: 
        +--------------------------------+---------------------+---------+---------+----------+----------+-----+-----+---------+
        |                                |                     |  Latency (cycles) |  Latency (absolute) |  Interval | Pipeline|
        |            Instance            |        Module       |   min   |   max   |    min   |    max   | min | max |   Type  |
        +--------------------------------+---------------------+---------+---------+----------+----------+-----+-----+---------+
        |grp_sin_or_cos_double_s_fu_185  |sin_or_cos_double_s  |       32|       40| 0.320 us | 0.400 us |   32|   40|   none  |
        |grp_sin_or_cos_double_s_fu_204  |sin_or_cos_double_s  |       32|       40| 0.320 us | 0.400 us |   32|   40|   none  |
        +--------------------------------+---------------------+---------+---------+----------+----------+-----+-----+---------+

        * Loop: 
        +------------------+---------+---------+----------+-----------+-----------+------+----------+
        |                  |  Latency (cycles) | Iteration|  Initiation Interval  | Trip |          |
        |     Loop Name    |   min   |   max   |  Latency |  achieved |   target  | Count| Pipelined|
        +------------------+---------+---------+----------+-----------+-----------+------+----------+
        |- butterfly_loop  |        ?|        ?|         ?|          -|          -|     1|    no    |
        | + dft_loop       |        ?|        ?|        14|          -|          -|     ?|    no    |
        +------------------+---------+---------+----------+-----------+-----------+------+----------+



================================================================
== Utilization Estimates
================================================================
* Summary: 
+-----------------+---------+-------+--------+--------+-----+
|       Name      | BRAM_18K| DSP48E|   FF   |   LUT  | URAM|
+-----------------+---------+-------+--------+--------+-----+
|DSP              |        -|      -|       -|       -|    -|
|Expression       |        -|      -|       0|     100|    -|
|FIFO             |        -|      -|       -|       -|    -|
|Instance         |       16|    185|    7996|   13883|    0|
|Memory           |        -|      -|       -|       -|    -|
|Multiplexer      |        -|      -|       -|     264|    -|
|Register         |        -|      -|     826|       -|    -|
+-----------------+---------+-------+--------+--------+-----+
|Total            |       16|    185|    8822|   14247|    0|
+-----------------+---------+-------+--------+--------+-----+
|Available        |     2060|   2800|  607200|  303600|    0|
+-----------------+---------+-------+--------+--------+-----+
|Utilization (%)  |    ~0   |      6|       1|       4|    0|
+-----------------+---------+-------+--------+--------+-----+

+ Detail: 
    * Instance: 
    +--------------------------------+----------------------+---------+-------+------+------+-----+
    |            Instance            |        Module        | BRAM_18K| DSP48E|  FF  |  LUT | URAM|
    +--------------------------------+----------------------+---------+-------+------+------+-----+
    |fft_fadd_32ns_32nmb6_U31        |fft_fadd_32ns_32nmb6  |        0|      2|   227|   214|    0|
    |fft_fadd_32ns_32nmb6_U32        |fft_fadd_32ns_32nmb6  |        0|      2|   227|   214|    0|
    |fft_faddfsub_32nslbW_U29        |fft_faddfsub_32nslbW  |        0|      2|   227|   214|    0|
    |fft_faddfsub_32nslbW_U30        |fft_faddfsub_32nslbW  |        0|      2|   227|   214|    0|
    |fft_fmul_32ns_32nncg_U33        |fft_fmul_32ns_32nncg  |        0|      3|   128|   138|    0|
    |fft_fmul_32ns_32nncg_U34        |fft_fmul_32ns_32nncg  |        0|      3|   128|   138|    0|
    |fft_fmul_32ns_32nncg_U35        |fft_fmul_32ns_32nncg  |        0|      3|   128|   138|    0|
    |fft_fpext_32ns_64pcA_U38        |fft_fpext_32ns_64pcA  |        0|      0|   100|   139|    0|
    |fft_fptrunc_64ns_ocq_U36        |fft_fptrunc_64ns_ocq  |        0|      0|   128|    97|    0|
    |fft_fptrunc_64ns_ocq_U37        |fft_fptrunc_64ns_ocq  |        0|      0|   128|    97|    0|
    |grp_sin_or_cos_double_s_fu_185  |sin_or_cos_double_s   |        8|     84|  3174|  6140|    0|
    |grp_sin_or_cos_double_s_fu_204  |sin_or_cos_double_s   |        8|     84|  3174|  6140|    0|
    +--------------------------------+----------------------+---------+-------+------+------+-----+
    |Total                           |                      |       16|    185|  7996| 13883|    0|
    +--------------------------------+----------------------+---------+-------+------+------+-----+

    * DSP48E: 
    N/A

    * Memory: 
    N/A

    * FIFO: 
    N/A

    * Expression: 
    +---------------------------------+----------+-------+---+----+------------+------------+
    |          Variable Name          | Operation| DSP48E| FF| LUT| Bitwidth P0| Bitwidth P1|
    +---------------------------------+----------+-------+---+----+------------+------------+
    |i_12_fu_330_p2                   |     +    |      0|  0|  39|          32|           2|
    |i_lower_fu_312_p2                |     +    |      0|  0|  39|          32|           1|
    |icmp_ln46_fu_306_p2              |   icmp   |      0|  0|  18|          22|           1|
    |ap_block_state1                  |    or    |      0|  0|   2|           1|           1|
    |ap_block_state5_on_subcall_done  |    or    |      0|  0|   2|           1|           1|
    +---------------------------------+----------+-------+---+----+------------+------------+
    |Total                            |          |      0|  0| 100|          88|           6|
    +---------------------------------+----------+-------+---+----+------------+------------+

    * Multiplexer: 
    +-------------------+-----+-----------+-----+-----------+
    |        Name       | LUT | Input Size| Bits| Total Bits|
    +-------------------+-----+-----------+-----+-----------+
    |X_I_0_address0     |   15|          3|   10|         30|
    |X_R_0_address0     |   15|          3|   10|         30|
    |a_0_reg_150        |    9|          2|   32|         64|
    |ap_NS_fsm          |  105|         22|    1|         22|
    |ap_done            |    9|          2|    1|          2|
    |grp_fu_223_opcode  |   15|          3|    2|          6|
    |grp_fu_223_p0      |   21|          4|   32|        128|
    |grp_fu_223_p1      |   21|          4|   32|        128|
    |grp_fu_229_opcode  |   15|          3|    2|          6|
    |grp_fu_229_p0      |   15|          3|   32|         96|
    |grp_fu_229_p1      |   15|          3|   32|         96|
    |i_0_reg_175        |    9|          2|   32|         64|
    +-------------------+-----+-----------+-----+-----------+
    |Total              |  264|         54|  218|        672|
    +-------------------+-----+-----------+-----+-----------+

    * Register: 
    +---------------------------------------------+----+----+-----+-----------+
    |                     Name                    | FF | LUT| Bits| Const Bits|
    +---------------------------------------------+----+----+-----+-----------+
    |a_0_reg_150                                  |  32|   0|   32|          0|
    |a_reg_357                                    |  32|   0|   32|          0|
    |ap_CS_fsm                                    |  21|   0|   21|          0|
    |ap_done_reg                                  |   1|   0|    1|          0|
    |c_reg_362                                    |  32|   0|   32|          0|
    |grp_sin_or_cos_double_s_fu_185_ap_start_reg  |   1|   0|    1|          0|
    |grp_sin_or_cos_double_s_fu_204_ap_start_reg  |   1|   0|    1|          0|
    |i_0_reg_175                                  |  32|   0|   32|          0|
    |i_12_reg_424                                 |  32|   0|   32|          0|
    |i_reg_162                                    |   1|   0|    1|          0|
    |reg_263                                      |  32|   0|   32|          0|
    |reg_270                                      |  32|   0|   32|          0|
    |reg_278                                      |  32|   0|   32|          0|
    |reg_285                                      |  32|   0|   32|          0|
    |s_reg_368                                    |  32|   0|   32|          0|
    |sext_ln48_reg_376                            |  64|   0|   64|          0|
    |sext_ln50_reg_408                            |  64|   0|   64|          0|
    |tmp_2_reg_434                                |  32|   0|   32|          0|
    |tmp_6_reg_429                                |  32|   0|   32|          0|
    |tmp_7_reg_392                                |  32|   0|   32|          0|
    |tmp_8_reg_397                                |  32|   0|   32|          0|
    |tmp_9_reg_403                                |  32|   0|   32|          0|
    |tmp_i_i1_reg_352                             |  64|   0|   64|          0|
    |tmp_i_i_reg_347                              |  64|   0|   64|          0|
    |x_assign_reg_341                             |  64|   0|   64|          0|
    |zext_ln39_reg_336                            |   1|   0|   32|         31|
    +---------------------------------------------+----+----+-----+-----------+
    |Total                                        | 826|   0|  857|         31|
    +---------------------------------------------+----+----+-----+-----------+



================================================================
== Interface
================================================================
* Summary: 
+------------------+-----+-----+------------+---------------+--------------+
|     RTL Ports    | Dir | Bits|  Protocol  | Source Object |    C Type    |
+------------------+-----+-----+------------+---------------+--------------+
|ap_clk            |  in |    1| ap_ctrl_hs | fft_stage.177 | return value |
|ap_rst            |  in |    1| ap_ctrl_hs | fft_stage.177 | return value |
|ap_start          |  in |    1| ap_ctrl_hs | fft_stage.177 | return value |
|ap_done           | out |    1| ap_ctrl_hs | fft_stage.177 | return value |
|ap_continue       |  in |    1| ap_ctrl_hs | fft_stage.177 | return value |
|ap_idle           | out |    1| ap_ctrl_hs | fft_stage.177 | return value |
|ap_ready          | out |    1| ap_ctrl_hs | fft_stage.177 | return value |
|X_R_0_address0    | out |   10|  ap_memory |     X_R_0     |     array    |
|X_R_0_ce0         | out |    1|  ap_memory |     X_R_0     |     array    |
|X_R_0_q0          |  in |   32|  ap_memory |     X_R_0     |     array    |
|X_I_0_address0    | out |   10|  ap_memory |     X_I_0     |     array    |
|X_I_0_ce0         | out |    1|  ap_memory |     X_I_0     |     array    |
|X_I_0_q0          |  in |   32|  ap_memory |     X_I_0     |     array    |
|Out_R_1_address0  | out |   10|  ap_memory |    Out_R_1    |     array    |
|Out_R_1_ce0       | out |    1|  ap_memory |    Out_R_1    |     array    |
|Out_R_1_we0       | out |    1|  ap_memory |    Out_R_1    |     array    |
|Out_R_1_d0        | out |   32|  ap_memory |    Out_R_1    |     array    |
|Out_R_1_address1  | out |   10|  ap_memory |    Out_R_1    |     array    |
|Out_R_1_ce1       | out |    1|  ap_memory |    Out_R_1    |     array    |
|Out_R_1_we1       | out |    1|  ap_memory |    Out_R_1    |     array    |
|Out_R_1_d1        | out |   32|  ap_memory |    Out_R_1    |     array    |
|Out_I_1_address0  | out |   10|  ap_memory |    Out_I_1    |     array    |
|Out_I_1_ce0       | out |    1|  ap_memory |    Out_I_1    |     array    |
|Out_I_1_we0       | out |    1|  ap_memory |    Out_I_1    |     array    |
|Out_I_1_d0        | out |   32|  ap_memory |    Out_I_1    |     array    |
|Out_I_1_address1  | out |   10|  ap_memory |    Out_I_1    |     array    |
|Out_I_1_ce1       | out |    1|  ap_memory |    Out_I_1    |     array    |
|Out_I_1_we1       | out |    1|  ap_memory |    Out_I_1    |     array    |
|Out_I_1_d1        | out |   32|  ap_memory |    Out_I_1    |     array    |
+------------------+-----+-----+------------+---------------+--------------+

