

================================================================
== Vivado HLS Report for 'fft_stage_184'
================================================================
* Date:           Sat Apr 15 16:54:53 2023

* Version:        2020.1 (Build 2897737 on Wed May 27 20:21:37 MDT 2020)
* Project:        fft
* Solution:       solution1
* Product family: virtex7
* Target device:  xc7vx485t-ffg1157-1


================================================================
== Performance Estimates
================================================================
+ Timing: 
    * Summary: 
    +--------+----------+----------+------------+
    |  Clock |  Target  | Estimated| Uncertainty|
    +--------+----------+----------+------------+
    |ap_clk  | 10.00 ns | 8.723 ns |   1.25 ns  |
    +--------+----------+----------+------------+

+ Latency: 
    * Summary: 
    +---------+---------+----------+----------+-----+-----+---------+
    |  Latency (cycles) |  Latency (absolute) |  Interval | Pipeline|
    |   min   |   max   |    min   |    max   | min | max |   Type  |
    +---------+---------+----------+----------+-----+-----+---------+
    |        ?|        ?|         ?|         ?|    ?|    ?|   none  |
    +---------+---------+----------+----------+-----+-----+---------+

    + Detail: 
        * Instance: 
        +--------------------------------+---------------------+---------+---------+----------+----------+-----+-----+---------+
        |                                |                     |  Latency (cycles) |  Latency (absolute) |  Interval | Pipeline|
        |            Instance            |        Module       |   min   |   max   |    min   |    max   | min | max |   Type  |
        +--------------------------------+---------------------+---------+---------+----------+----------+-----+-----+---------+
        |grp_sin_or_cos_double_s_fu_189  |sin_or_cos_double_s  |       32|       40| 0.320 us | 0.400 us |   32|   40|   none  |
        |grp_sin_or_cos_double_s_fu_208  |sin_or_cos_double_s  |       32|       40| 0.320 us | 0.400 us |   32|   40|   none  |
        +--------------------------------+---------------------+---------+---------+----------+----------+-----+-----+---------+

        * Loop: 
        +------------------+---------+---------+----------+-----------+-----------+------+----------+
        |                  |  Latency (cycles) | Iteration|  Initiation Interval  | Trip |          |
        |     Loop Name    |   min   |   max   |  Latency |  achieved |   target  | Count| Pipelined|
        +------------------+---------+---------+----------+-----------+-----------+------+----------+
        |- butterfly_loop  |        ?|        ?|         ?|          -|          -|   128|    no    |
        | + dft_loop       |        ?|        ?|        14|          -|          -|     ?|    no    |
        +------------------+---------+---------+----------+-----------+-----------+------+----------+



================================================================
== Utilization Estimates
================================================================
* Summary: 
+-----------------+---------+-------+--------+--------+-----+
|       Name      | BRAM_18K| DSP48E|   FF   |   LUT  | URAM|
+-----------------+---------+-------+--------+--------+-----+
|DSP              |        -|      -|       -|       -|    -|
|Expression       |        -|      -|       0|     128|    -|
|FIFO             |        -|      -|       -|       -|    -|
|Instance         |       16|    185|    7996|   13883|    0|
|Memory           |        -|      -|       -|       -|    -|
|Multiplexer      |        -|      -|       -|     273|    -|
|Register         |        -|      -|     848|       -|    -|
+-----------------+---------+-------+--------+--------+-----+
|Total            |       16|    185|    8844|   14284|    0|
+-----------------+---------+-------+--------+--------+-----+
|Available        |     2060|   2800|  607200|  303600|    0|
+-----------------+---------+-------+--------+--------+-----+
|Utilization (%)  |    ~0   |      6|       1|       4|    0|
+-----------------+---------+-------+--------+--------+-----+

+ Detail: 
    * Instance: 
    +--------------------------------+----------------------+---------+-------+------+------+-----+
    |            Instance            |        Module        | BRAM_18K| DSP48E|  FF  |  LUT | URAM|
    +--------------------------------+----------------------+---------+-------+------+------+-----+
    |fft_fadd_32ns_32nmb6_U134       |fft_fadd_32ns_32nmb6  |        0|      2|   227|   214|    0|
    |fft_fadd_32ns_32nmb6_U135       |fft_fadd_32ns_32nmb6  |        0|      2|   227|   214|    0|
    |fft_faddfsub_32nslbW_U132       |fft_faddfsub_32nslbW  |        0|      2|   227|   214|    0|
    |fft_faddfsub_32nslbW_U133       |fft_faddfsub_32nslbW  |        0|      2|   227|   214|    0|
    |fft_fmul_32ns_32nncg_U136       |fft_fmul_32ns_32nncg  |        0|      3|   128|   138|    0|
    |fft_fmul_32ns_32nncg_U137       |fft_fmul_32ns_32nncg  |        0|      3|   128|   138|    0|
    |fft_fmul_32ns_32nncg_U138       |fft_fmul_32ns_32nncg  |        0|      3|   128|   138|    0|
    |fft_fpext_32ns_64pcA_U141       |fft_fpext_32ns_64pcA  |        0|      0|   100|   139|    0|
    |fft_fptrunc_64ns_ocq_U139       |fft_fptrunc_64ns_ocq  |        0|      0|   128|    97|    0|
    |fft_fptrunc_64ns_ocq_U140       |fft_fptrunc_64ns_ocq  |        0|      0|   128|    97|    0|
    |grp_sin_or_cos_double_s_fu_189  |sin_or_cos_double_s   |        8|     84|  3174|  6140|    0|
    |grp_sin_or_cos_double_s_fu_208  |sin_or_cos_double_s   |        8|     84|  3174|  6140|    0|
    +--------------------------------+----------------------+---------+-------+------+------+-----+
    |Total                           |                      |       16|    185|  7996| 13883|    0|
    +--------------------------------+----------------------+---------+-------+------+------+-----+

    * DSP48E: 
    N/A

    * Memory: 
    N/A

    * FIFO: 
    N/A

    * Expression: 
    +---------------------------------+----------+-------+---+----+------------+------------+
    |          Variable Name          | Operation| DSP48E| FF| LUT| Bitwidth P0| Bitwidth P1|
    +---------------------------------+----------+-------+---+----+------------+------------+
    |i_5_fu_346_p2                    |     +    |      0|  0|  39|          32|           9|
    |i_lower_fu_328_p2                |     +    |      0|  0|  39|          32|           8|
    |j_fu_306_p2                      |     +    |      0|  0|  15|           8|           1|
    |icmp_ln39_fu_300_p2              |   icmp   |      0|  0|  13|           8|           9|
    |icmp_ln46_fu_322_p2              |   icmp   |      0|  0|  18|          22|           1|
    |ap_block_state1                  |    or    |      0|  0|   2|           1|           1|
    |ap_block_state5_on_subcall_done  |    or    |      0|  0|   2|           1|           1|
    +---------------------------------+----------+-------+---+----+------------+------------+
    |Total                            |          |      0|  0| 128|         104|          30|
    +---------------------------------+----------+-------+---+----+------------+------------+

    * Multiplexer: 
    +-------------------+-----+-----------+-----+-----------+
    |        Name       | LUT | Input Size| Bits| Total Bits|
    +-------------------+-----+-----------+-----+-----------+
    |X_I_7_address0     |   15|          3|   10|         30|
    |X_R_7_address0     |   15|          3|   10|         30|
    |a_0_reg_156        |    9|          2|   32|         64|
    |ap_NS_fsm          |  105|         22|    1|         22|
    |ap_done            |    9|          2|    1|          2|
    |grp_fu_227_opcode  |   15|          3|    2|          6|
    |grp_fu_227_p0      |   21|          4|   32|        128|
    |grp_fu_227_p1      |   21|          4|   32|        128|
    |grp_fu_233_opcode  |   15|          3|    2|          6|
    |grp_fu_233_p0      |   15|          3|   32|         96|
    |grp_fu_233_p1      |   15|          3|   32|         96|
    |i_0_reg_179        |    9|          2|   32|         64|
    |i_reg_168          |    9|          2|    8|         16|
    +-------------------+-----+-----------+-----+-----------+
    |Total              |  273|         56|  226|        688|
    +-------------------+-----+-----------+-----+-----------+

    * Register: 
    +---------------------------------------------+----+----+-----+-----------+
    |                     Name                    | FF | LUT| Bits| Const Bits|
    +---------------------------------------------+----+----+-----+-----------+
    |a_0_reg_156                                  |  32|   0|   32|          0|
    |a_reg_381                                    |  32|   0|   32|          0|
    |ap_CS_fsm                                    |  21|   0|   21|          0|
    |ap_done_reg                                  |   1|   0|    1|          0|
    |c_reg_386                                    |  32|   0|   32|          0|
    |grp_sin_or_cos_double_s_fu_189_ap_start_reg  |   1|   0|    1|          0|
    |grp_sin_or_cos_double_s_fu_208_ap_start_reg  |   1|   0|    1|          0|
    |i_0_reg_179                                  |  32|   0|   32|          0|
    |i_5_reg_448                                  |  32|   0|   32|          0|
    |i_reg_168                                    |   8|   0|    8|          0|
    |j_reg_360                                    |   8|   0|    8|          0|
    |reg_267                                      |  32|   0|   32|          0|
    |reg_274                                      |  32|   0|   32|          0|
    |reg_282                                      |  32|   0|   32|          0|
    |reg_289                                      |  32|   0|   32|          0|
    |s_reg_392                                    |  32|   0|   32|          0|
    |sext_ln48_reg_400                            |  64|   0|   64|          0|
    |sext_ln50_reg_432                            |  64|   0|   64|          0|
    |tmp_3_reg_458                                |  32|   0|   32|          0|
    |tmp_6_reg_453                                |  32|   0|   32|          0|
    |tmp_7_reg_416                                |  32|   0|   32|          0|
    |tmp_8_reg_421                                |  32|   0|   32|          0|
    |tmp_9_reg_427                                |  32|   0|   32|          0|
    |tmp_i_i1_reg_376                             |  64|   0|   64|          0|
    |tmp_i_i_reg_371                              |  64|   0|   64|          0|
    |x_assign_reg_365                             |  64|   0|   64|          0|
    |zext_ln39_reg_352                            |   8|   0|   32|         24|
    +---------------------------------------------+----+----+-----+-----------+
    |Total                                        | 848|   0|  872|         24|
    +---------------------------------------------+----+----+-----+-----------+



================================================================
== Interface
================================================================
* Summary: 
+------------------+-----+-----+------------+---------------+--------------+
|     RTL Ports    | Dir | Bits|  Protocol  | Source Object |    C Type    |
+------------------+-----+-----+------------+---------------+--------------+
|ap_clk            |  in |    1| ap_ctrl_hs | fft_stage.184 | return value |
|ap_rst            |  in |    1| ap_ctrl_hs | fft_stage.184 | return value |
|ap_start          |  in |    1| ap_ctrl_hs | fft_stage.184 | return value |
|ap_done           | out |    1| ap_ctrl_hs | fft_stage.184 | return value |
|ap_continue       |  in |    1| ap_ctrl_hs | fft_stage.184 | return value |
|ap_idle           | out |    1| ap_ctrl_hs | fft_stage.184 | return value |
|ap_ready          | out |    1| ap_ctrl_hs | fft_stage.184 | return value |
|X_R_7_address0    | out |   10|  ap_memory |     X_R_7     |     array    |
|X_R_7_ce0         | out |    1|  ap_memory |     X_R_7     |     array    |
|X_R_7_q0          |  in |   32|  ap_memory |     X_R_7     |     array    |
|X_I_7_address0    | out |   10|  ap_memory |     X_I_7     |     array    |
|X_I_7_ce0         | out |    1|  ap_memory |     X_I_7     |     array    |
|X_I_7_q0          |  in |   32|  ap_memory |     X_I_7     |     array    |
|Out_R_8_address0  | out |   10|  ap_memory |    Out_R_8    |     array    |
|Out_R_8_ce0       | out |    1|  ap_memory |    Out_R_8    |     array    |
|Out_R_8_we0       | out |    1|  ap_memory |    Out_R_8    |     array    |
|Out_R_8_d0        | out |   32|  ap_memory |    Out_R_8    |     array    |
|Out_R_8_address1  | out |   10|  ap_memory |    Out_R_8    |     array    |
|Out_R_8_ce1       | out |    1|  ap_memory |    Out_R_8    |     array    |
|Out_R_8_we1       | out |    1|  ap_memory |    Out_R_8    |     array    |
|Out_R_8_d1        | out |   32|  ap_memory |    Out_R_8    |     array    |
|Out_I_8_address0  | out |   10|  ap_memory |    Out_I_8    |     array    |
|Out_I_8_ce0       | out |    1|  ap_memory |    Out_I_8    |     array    |
|Out_I_8_we0       | out |    1|  ap_memory |    Out_I_8    |     array    |
|Out_I_8_d0        | out |   32|  ap_memory |    Out_I_8    |     array    |
|Out_I_8_address1  | out |   10|  ap_memory |    Out_I_8    |     array    |
|Out_I_8_ce1       | out |    1|  ap_memory |    Out_I_8    |     array    |
|Out_I_8_we1       | out |    1|  ap_memory |    Out_I_8    |     array    |
|Out_I_8_d1        | out |   32|  ap_memory |    Out_I_8    |     array    |
+------------------+-----+-----+------------+---------------+--------------+

