

================================================================
== Vivado HLS Report for 'dft'
================================================================
* Date:           Sat Apr 15 11:35:45 2023

* Version:        2020.1 (Build 2897737 on Wed May 27 20:21:37 MDT 2020)
* Project:        dft
* Solution:       solution1
* Product family: virtex7
* Target device:  xc7vx485t-ffg1157-1


================================================================
== Performance Estimates
================================================================
+ Timing: 
    * Summary: 
    +--------+----------+----------+------------+
    |  Clock |  Target  | Estimated| Uncertainty|
    +--------+----------+----------+------------+
    |ap_clk  | 10.00 ns | 8.517 ns |   1.25 ns  |
    +--------+----------+----------+------------+

+ Latency: 
    * Summary: 
    +---------+---------+----------+----------+-----+-----+---------+
    |  Latency (cycles) |  Latency (absolute) |  Interval | Pipeline|
    |   min   |   max   |    min   |    max   | min | max |   Type  |
    +---------+---------+----------+----------+-----+-----+---------+
    |      111|      111| 1.110 us | 1.110 us |  111|  111|   none  |
    +---------+---------+----------+----------+-----+-----+---------+

    + Detail: 
        * Instance: 
        +--------------------------------+---------------------+---------+---------+----------+----------+-----+-----+----------+
        |                                |                     |  Latency (cycles) |  Latency (absolute) |  Interval | Pipeline |
        |            Instance            |        Module       |   min   |   max   |    min   |    max   | min | max |   Type   |
        +--------------------------------+---------------------+---------+---------+----------+----------+-----+-----+----------+
        |grp_sin_or_cos_double_s_fu_411  |sin_or_cos_double_s  |       13|       13| 0.130 us | 0.130 us |    1|    1| function |
        |grp_sin_or_cos_double_s_fu_430  |sin_or_cos_double_s  |       13|       13| 0.130 us | 0.130 us |    1|    1| function |
        |grp_sin_or_cos_double_s_fu_449  |sin_or_cos_double_s  |       13|       13| 0.130 us | 0.130 us |    1|    1| function |
        |grp_sin_or_cos_double_s_fu_468  |sin_or_cos_double_s  |       13|       13| 0.130 us | 0.130 us |    1|    1| function |
        |grp_sin_or_cos_double_s_fu_487  |sin_or_cos_double_s  |       13|       13| 0.130 us | 0.130 us |    1|    1| function |
        |grp_sin_or_cos_double_s_fu_506  |sin_or_cos_double_s  |       13|       13| 0.130 us | 0.130 us |    1|    1| function |
        |grp_sin_or_cos_double_s_fu_525  |sin_or_cos_double_s  |       13|       13| 0.130 us | 0.130 us |    1|    1| function |
        |grp_sin_or_cos_double_s_fu_544  |sin_or_cos_double_s  |       13|       13| 0.130 us | 0.130 us |    1|    1| function |
        |grp_sin_or_cos_double_s_fu_563  |sin_or_cos_double_s  |       13|       13| 0.130 us | 0.130 us |    1|    1| function |
        |grp_sin_or_cos_double_s_fu_582  |sin_or_cos_double_s  |       13|       13| 0.130 us | 0.130 us |    1|    1| function |
        |grp_sin_or_cos_double_s_fu_601  |sin_or_cos_double_s  |       13|       13| 0.130 us | 0.130 us |    1|    1| function |
        |grp_sin_or_cos_double_s_fu_620  |sin_or_cos_double_s  |       13|       13| 0.130 us | 0.130 us |    1|    1| function |
        |grp_sin_or_cos_double_s_fu_639  |sin_or_cos_double_s  |       13|       13| 0.130 us | 0.130 us |    1|    1| function |
        |grp_sin_or_cos_double_s_fu_658  |sin_or_cos_double_s  |       13|       13| 0.130 us | 0.130 us |    1|    1| function |
        |grp_sin_or_cos_double_s_fu_677  |sin_or_cos_double_s  |       13|       13| 0.130 us | 0.130 us |    1|    1| function |
        |grp_sin_or_cos_double_s_fu_696  |sin_or_cos_double_s  |       13|       13| 0.130 us | 0.130 us |    1|    1| function |
        +--------------------------------+---------------------+---------+---------+----------+----------+-----+-----+----------+

        * Loop: 
        +----------+---------+---------+----------+-----------+-----------+------+----------+
        |          |  Latency (cycles) | Iteration|  Initiation Interval  | Trip |          |
        | Loop Name|   min   |   max   |  Latency |  achieved |   target  | Count| Pipelined|
        +----------+---------+---------+----------+-----------+-----------+------+----------+
        |- Loop 1  |       84|       84|        78|          1|          1|     8|    yes   |
        |- Loop 2  |       24|       24|         3|          -|          -|     8|    no    |
        +----------+---------+---------+----------+-----------+-----------+------+----------+



================================================================
== Utilization Estimates
================================================================
* Summary: 
+-----------------+---------+-------+--------+--------+-----+
|       Name      | BRAM_18K| DSP48E|   FF   |   LUT  | URAM|
+-----------------+---------+-------+--------+--------+-----+
|DSP              |        -|      -|       -|       -|    -|
|Expression       |        -|      -|       0|      52|    -|
|FIFO             |        -|      -|       -|       -|    -|
|Instance         |      160|   1880|   90860|  134119|    -|
|Memory           |        0|      -|     256|      16|    0|
|Multiplexer      |        -|      -|       -|     257|    -|
|Register         |        2|      -|    6846|     194|    -|
+-----------------+---------+-------+--------+--------+-----+
|Total            |      162|   1880|   97962|  134638|    0|
+-----------------+---------+-------+--------+--------+-----+
|Available        |     2060|   2800|  607200|  303600|    0|
+-----------------+---------+-------+--------+--------+-----+
|Utilization (%)  |        7|     67|      16|      44|    0|
+-----------------+---------+-------+--------+--------+-----+

+ Detail: 
    * Instance: 
    +--------------------------------+----------------------+---------+-------+------+------+-----+
    |            Instance            |        Module        | BRAM_18K| DSP48E|  FF  |  LUT | URAM|
    +--------------------------------+----------------------+---------+-------+------+------+-----+
    |dft_dadd_64ns_64nlbW_U22        |dft_dadd_64ns_64nlbW  |        0|      3|   445|   781|    0|
    |dft_dadd_64ns_64nlbW_U23        |dft_dadd_64ns_64nlbW  |        0|      3|   445|   781|    0|
    |dft_dadd_64ns_64nlbW_U24        |dft_dadd_64ns_64nlbW  |        0|      3|   445|   781|    0|
    |dft_dadd_64ns_64nlbW_U26        |dft_dadd_64ns_64nlbW  |        0|      3|   445|   781|    0|
    |dft_dadd_64ns_64nlbW_U27        |dft_dadd_64ns_64nlbW  |        0|      3|   445|   781|    0|
    |dft_dadd_64ns_64nlbW_U28        |dft_dadd_64ns_64nlbW  |        0|      3|   445|   781|    0|
    |dft_dadd_64ns_64nlbW_U30        |dft_dadd_64ns_64nlbW  |        0|      3|   445|   781|    0|
    |dft_dadd_64ns_64nlbW_U31        |dft_dadd_64ns_64nlbW  |        0|      3|   445|   781|    0|
    |dft_dadd_64ns_64nlbW_U32        |dft_dadd_64ns_64nlbW  |        0|      3|   445|   781|    0|
    |dft_dadd_64ns_64nlbW_U34        |dft_dadd_64ns_64nlbW  |        0|      3|   445|   781|    0|
    |dft_dadd_64ns_64nlbW_U35        |dft_dadd_64ns_64nlbW  |        0|      3|   445|   781|    0|
    |dft_dadd_64ns_64nlbW_U36        |dft_dadd_64ns_64nlbW  |        0|      3|   445|   781|    0|
    |dft_dadd_64ns_64nlbW_U38        |dft_dadd_64ns_64nlbW  |        0|      3|   445|   781|    0|
    |dft_dadd_64ns_64nlbW_U39        |dft_dadd_64ns_64nlbW  |        0|      3|   445|   781|    0|
    |dft_dadd_64ns_64nlbW_U40        |dft_dadd_64ns_64nlbW  |        0|      3|   445|   781|    0|
    |dft_dadd_64ns_64nlbW_U42        |dft_dadd_64ns_64nlbW  |        0|      3|   445|   781|    0|
    |dft_dadd_64ns_64nlbW_U43        |dft_dadd_64ns_64nlbW  |        0|      3|   445|   781|    0|
    |dft_dadd_64ns_64nlbW_U44        |dft_dadd_64ns_64nlbW  |        0|      3|   445|   781|    0|
    |dft_dadd_64ns_64nlbW_U46        |dft_dadd_64ns_64nlbW  |        0|      3|   445|   781|    0|
    |dft_dadd_64ns_64nlbW_U47        |dft_dadd_64ns_64nlbW  |        0|      3|   445|   781|    0|
    |dft_dadd_64ns_64nlbW_U48        |dft_dadd_64ns_64nlbW  |        0|      3|   445|   781|    0|
    |dft_dadd_64ns_64nlbW_U50        |dft_dadd_64ns_64nlbW  |        0|      3|   445|   781|    0|
    |dft_dadd_64ns_64nlbW_U51        |dft_dadd_64ns_64nlbW  |        0|      3|   445|   781|    0|
    |dft_dadd_64ns_64nlbW_U52        |dft_dadd_64ns_64nlbW  |        0|      3|   445|   781|    0|
    |dft_dmul_64ns_64nmb6_U53        |dft_dmul_64ns_64nmb6  |        0|     11|   299|   203|    0|
    |dft_dmul_64ns_64nmb6_U54        |dft_dmul_64ns_64nmb6  |        0|     11|   299|   203|    0|
    |dft_dmul_64ns_64nmb6_U55        |dft_dmul_64ns_64nmb6  |        0|     11|   299|   203|    0|
    |dft_dmul_64ns_64nmb6_U56        |dft_dmul_64ns_64nmb6  |        0|     11|   299|   203|    0|
    |dft_dmul_64ns_64nmb6_U57        |dft_dmul_64ns_64nmb6  |        0|     11|   299|   203|    0|
    |dft_dmul_64ns_64nmb6_U58        |dft_dmul_64ns_64nmb6  |        0|     11|   299|   203|    0|
    |dft_dmul_64ns_64nmb6_U59        |dft_dmul_64ns_64nmb6  |        0|     11|   299|   203|    0|
    |dft_dmul_64ns_64nmb6_U60        |dft_dmul_64ns_64nmb6  |        0|     11|   299|   203|    0|
    |dft_dmul_64ns_64nmb6_U61        |dft_dmul_64ns_64nmb6  |        0|     11|   299|   203|    0|
    |dft_dmul_64ns_64nmb6_U62        |dft_dmul_64ns_64nmb6  |        0|     11|   299|   203|    0|
    |dft_dmul_64ns_64nmb6_U63        |dft_dmul_64ns_64nmb6  |        0|     11|   299|   203|    0|
    |dft_dmul_64ns_64nmb6_U64        |dft_dmul_64ns_64nmb6  |        0|     11|   299|   203|    0|
    |dft_dmul_64ns_64nmb6_U65        |dft_dmul_64ns_64nmb6  |        0|     11|   299|   203|    0|
    |dft_dmul_64ns_64nmb6_U66        |dft_dmul_64ns_64nmb6  |        0|     11|   299|   203|    0|
    |dft_dmul_64ns_64nmb6_U67        |dft_dmul_64ns_64nmb6  |        0|     11|   299|   203|    0|
    |dft_dmul_64ns_64nmb6_U68        |dft_dmul_64ns_64nmb6  |        0|     11|   299|   203|    0|
    |dft_dmul_64ns_64nmb6_U69        |dft_dmul_64ns_64nmb6  |        0|     11|   299|   203|    0|
    |dft_dmul_64ns_64nmb6_U70        |dft_dmul_64ns_64nmb6  |        0|     11|   299|   203|    0|
    |dft_dmul_64ns_64nmb6_U71        |dft_dmul_64ns_64nmb6  |        0|     11|   299|   203|    0|
    |dft_dmul_64ns_64nmb6_U72        |dft_dmul_64ns_64nmb6  |        0|     11|   299|   203|    0|
    |dft_dmul_64ns_64nmb6_U73        |dft_dmul_64ns_64nmb6  |        0|     11|   299|   203|    0|
    |dft_dmul_64ns_64nmb6_U74        |dft_dmul_64ns_64nmb6  |        0|     11|   299|   203|    0|
    |dft_dmul_64ns_64nmb6_U75        |dft_dmul_64ns_64nmb6  |        0|     11|   299|   203|    0|
    |dft_dmul_64ns_64nmb6_U76        |dft_dmul_64ns_64nmb6  |        0|     11|   299|   203|    0|
    |dft_dmul_64ns_64nmb6_U77        |dft_dmul_64ns_64nmb6  |        0|     11|   299|   203|    0|
    |dft_dmul_64ns_64nmb6_U78        |dft_dmul_64ns_64nmb6  |        0|     11|   299|   203|    0|
    |dft_dmul_64ns_64nmb6_U79        |dft_dmul_64ns_64nmb6  |        0|     11|   299|   203|    0|
    |dft_dmul_64ns_64nmb6_U80        |dft_dmul_64ns_64nmb6  |        0|     11|   299|   203|    0|
    |dft_dmul_64ns_64nmb6_U81        |dft_dmul_64ns_64nmb6  |        0|     11|   299|   203|    0|
    |dft_dmul_64ns_64nmb6_U82        |dft_dmul_64ns_64nmb6  |        0|     11|   299|   203|    0|
    |dft_dmul_64ns_64nmb6_U83        |dft_dmul_64ns_64nmb6  |        0|     11|   299|   203|    0|
    |dft_dmul_64ns_64nmb6_U84        |dft_dmul_64ns_64nmb6  |        0|     11|   299|   203|    0|
    |dft_dmul_64ns_64nmb6_U85        |dft_dmul_64ns_64nmb6  |        0|     11|   299|   203|    0|
    |dft_dmul_64ns_64nmb6_U86        |dft_dmul_64ns_64nmb6  |        0|     11|   299|   203|    0|
    |dft_dmul_64ns_64nmb6_U87        |dft_dmul_64ns_64nmb6  |        0|     11|   299|   203|    0|
    |dft_dmul_64ns_64nmb6_U88        |dft_dmul_64ns_64nmb6  |        0|     11|   299|   203|    0|
    |dft_dmul_64ns_64nmb6_U89        |dft_dmul_64ns_64nmb6  |        0|     11|   299|   203|    0|
    |dft_dmul_64ns_64nmb6_U90        |dft_dmul_64ns_64nmb6  |        0|     11|   299|   203|    0|
    |dft_dmul_64ns_64nmb6_U91        |dft_dmul_64ns_64nmb6  |        0|     11|   299|   203|    0|
    |dft_dmul_64ns_64nmb6_U92        |dft_dmul_64ns_64nmb6  |        0|     11|   299|   203|    0|
    |dft_dsub_64ns_64nkbM_U21        |dft_dsub_64ns_64nkbM  |        0|      3|   445|   781|    0|
    |dft_dsub_64ns_64nkbM_U25        |dft_dsub_64ns_64nkbM  |        0|      3|   445|   781|    0|
    |dft_dsub_64ns_64nkbM_U29        |dft_dsub_64ns_64nkbM  |        0|      3|   445|   781|    0|
    |dft_dsub_64ns_64nkbM_U33        |dft_dsub_64ns_64nkbM  |        0|      3|   445|   781|    0|
    |dft_dsub_64ns_64nkbM_U37        |dft_dsub_64ns_64nkbM  |        0|      3|   445|   781|    0|
    |dft_dsub_64ns_64nkbM_U41        |dft_dsub_64ns_64nkbM  |        0|      3|   445|   781|    0|
    |dft_dsub_64ns_64nkbM_U45        |dft_dsub_64ns_64nkbM  |        0|      3|   445|   781|    0|
    |dft_dsub_64ns_64nkbM_U49        |dft_dsub_64ns_64nkbM  |        0|      3|   445|   781|    0|
    |dft_sitodp_32ns_6ncg_U93        |dft_sitodp_32ns_6ncg  |        0|      0|   260|   415|    0|
    |grp_sin_or_cos_double_s_fu_411  |sin_or_cos_double_s   |       10|     84|  4025|  6287|    0|
    |grp_sin_or_cos_double_s_fu_430  |sin_or_cos_double_s   |       10|     84|  4025|  6287|    0|
    |grp_sin_or_cos_double_s_fu_449  |sin_or_cos_double_s   |       10|     84|  4025|  6287|    0|
    |grp_sin_or_cos_double_s_fu_468  |sin_or_cos_double_s   |       10|     84|  4025|  6287|    0|
    |grp_sin_or_cos_double_s_fu_487  |sin_or_cos_double_s   |       10|     84|  4025|  6287|    0|
    |grp_sin_or_cos_double_s_fu_506  |sin_or_cos_double_s   |       10|     84|  4025|  6287|    0|
    |grp_sin_or_cos_double_s_fu_525  |sin_or_cos_double_s   |       10|     84|  4025|  6287|    0|
    |grp_sin_or_cos_double_s_fu_544  |sin_or_cos_double_s   |       10|     84|  4025|  6287|    0|
    |grp_sin_or_cos_double_s_fu_563  |sin_or_cos_double_s   |       10|     84|  4025|  6287|    0|
    |grp_sin_or_cos_double_s_fu_582  |sin_or_cos_double_s   |       10|     84|  4025|  6287|    0|
    |grp_sin_or_cos_double_s_fu_601  |sin_or_cos_double_s   |       10|     84|  4025|  6287|    0|
    |grp_sin_or_cos_double_s_fu_620  |sin_or_cos_double_s   |       10|     84|  4025|  6287|    0|
    |grp_sin_or_cos_double_s_fu_639  |sin_or_cos_double_s   |       10|     84|  4025|  6287|    0|
    |grp_sin_or_cos_double_s_fu_658  |sin_or_cos_double_s   |       10|     84|  4025|  6287|    0|
    |grp_sin_or_cos_double_s_fu_677  |sin_or_cos_double_s   |       10|     84|  4025|  6287|    0|
    |grp_sin_or_cos_double_s_fu_696  |sin_or_cos_double_s   |       10|     84|  4025|  6287|    0|
    +--------------------------------+----------------------+---------+-------+------+------+-----+
    |Total                           |                      |      160|   1880| 90860|134119|    0|
    +--------------------------------+----------------------+---------+-------+------+------+-----+

    * DSP48E: 
    N/A

    * Memory: 
    +-------------+---------------+---------+-----+----+-----+------+-----+------+-------------+
    |    Memory   |     Module    | BRAM_18K|  FF | LUT| URAM| Words| Bits| Banks| W*Bits*Banks|
    +-------------+---------------+---------+-----+----+-----+------+-----+------+-------------+
    |temp_real_U  |dft_temp_real  |        0|  128|   8|    0|     8|   64|     1|          512|
    |temp_imag_U  |dft_temp_real  |        0|  128|   8|    0|     8|   64|     1|          512|
    +-------------+---------------+---------+-----+----+-----+------+-----+------+-------------+
    |Total        |               |        0|  256|  16|    0|    16|  128|     2|         1024|
    +-------------+---------------+---------+-----+----+-----+------+-----+------+-------------+

    * FIFO: 
    N/A

    * Expression: 
    +-------------------------+----------+-------+---+----+------------+------------+
    |      Variable Name      | Operation| DSP48E| FF| LUT| Bitwidth P0| Bitwidth P1|
    +-------------------------+----------+-------+---+----+------------+------------+
    |i_2_fu_1024_p2           |     +    |      0|  0|  13|           4|           1|
    |i_fu_1047_p2             |     +    |      0|  0|  13|           4|           1|
    |icmp_ln16_fu_1018_p2     |   icmp   |      0|  0|  11|           4|           5|
    |icmp_ln33_fu_1041_p2     |   icmp   |      0|  0|  11|           4|           5|
    |ap_enable_pp0            |    xor   |      0|  0|   2|           1|           2|
    |ap_enable_reg_pp0_iter1  |    xor   |      0|  0|   2|           2|           1|
    +-------------------------+----------+-------+---+----+------------+------------+
    |Total                    |          |      0|  0|  52|          19|          15|
    +-------------------------+----------+-------+---+----+------------+------------+

    * Multiplexer: 
    +------------------------------+----+-----------+-----+-----------+
    |             Name             | LUT| Input Size| Bits| Total Bits|
    +------------------------------+----+-----------+-----+-----------+
    |ap_NS_fsm                     |  38|          7|    1|          7|
    |ap_enable_reg_pp0_iter1       |   9|          2|    1|          2|
    |ap_enable_reg_pp0_iter77      |   9|          2|    1|          2|
    |ap_phi_mux_i_0_phi_fu_392_p4  |   9|          2|    4|          8|
    |i_0_reg_388                   |   9|          2|    4|          8|
    |i_1_reg_400                   |   9|          2|    4|          8|
    |sample_imag_0_o               |   9|          2|   64|        128|
    |sample_imag_1_o               |   9|          2|   64|        128|
    |sample_imag_2_o               |   9|          2|   64|        128|
    |sample_imag_3_o               |   9|          2|   64|        128|
    |sample_imag_4_o               |   9|          2|   64|        128|
    |sample_imag_5_o               |   9|          2|   64|        128|
    |sample_imag_6_o               |   9|          2|   64|        128|
    |sample_imag_7_o               |   9|          2|   64|        128|
    |sample_real_0_o               |   9|          2|   64|        128|
    |sample_real_1_o               |   9|          2|   64|        128|
    |sample_real_2_o               |   9|          2|   64|        128|
    |sample_real_3_o               |   9|          2|   64|        128|
    |sample_real_4_o               |   9|          2|   64|        128|
    |sample_real_5_o               |   9|          2|   64|        128|
    |sample_real_6_o               |   9|          2|   64|        128|
    |sample_real_7_o               |   9|          2|   64|        128|
    |temp_imag_address0            |  15|          3|    3|          9|
    |temp_real_address0            |  15|          3|    3|          9|
    +------------------------------+----+-----------+-----+-----------+
    |Total                         | 257|         55| 1045|       2101|
    +------------------------------+----+-----------+-----+-----------+

    * Register: 
    +---------------------------------------------+----+----+-----+-----------+
    |                     Name                    | FF | LUT| Bits| Const Bits|
    +---------------------------------------------+----+----+-----+-----------+
    |ap_CS_fsm                                    |   6|   0|    6|          0|
    |ap_enable_reg_pp0_iter0                      |   1|   0|    1|          0|
    |ap_enable_reg_pp0_iter1                      |   1|   0|    1|          0|
    |ap_enable_reg_pp0_iter10                     |   1|   0|    1|          0|
    |ap_enable_reg_pp0_iter11                     |   1|   0|    1|          0|
    |ap_enable_reg_pp0_iter12                     |   1|   0|    1|          0|
    |ap_enable_reg_pp0_iter13                     |   1|   0|    1|          0|
    |ap_enable_reg_pp0_iter14                     |   1|   0|    1|          0|
    |ap_enable_reg_pp0_iter15                     |   1|   0|    1|          0|
    |ap_enable_reg_pp0_iter16                     |   1|   0|    1|          0|
    |ap_enable_reg_pp0_iter17                     |   1|   0|    1|          0|
    |ap_enable_reg_pp0_iter18                     |   1|   0|    1|          0|
    |ap_enable_reg_pp0_iter19                     |   1|   0|    1|          0|
    |ap_enable_reg_pp0_iter2                      |   1|   0|    1|          0|
    |ap_enable_reg_pp0_iter20                     |   1|   0|    1|          0|
    |ap_enable_reg_pp0_iter21                     |   1|   0|    1|          0|
    |ap_enable_reg_pp0_iter22                     |   1|   0|    1|          0|
    |ap_enable_reg_pp0_iter23                     |   1|   0|    1|          0|
    |ap_enable_reg_pp0_iter24                     |   1|   0|    1|          0|
    |ap_enable_reg_pp0_iter25                     |   1|   0|    1|          0|
    |ap_enable_reg_pp0_iter26                     |   1|   0|    1|          0|
    |ap_enable_reg_pp0_iter27                     |   1|   0|    1|          0|
    |ap_enable_reg_pp0_iter28                     |   1|   0|    1|          0|
    |ap_enable_reg_pp0_iter29                     |   1|   0|    1|          0|
    |ap_enable_reg_pp0_iter3                      |   1|   0|    1|          0|
    |ap_enable_reg_pp0_iter30                     |   1|   0|    1|          0|
    |ap_enable_reg_pp0_iter31                     |   1|   0|    1|          0|
    |ap_enable_reg_pp0_iter32                     |   1|   0|    1|          0|
    |ap_enable_reg_pp0_iter33                     |   1|   0|    1|          0|
    |ap_enable_reg_pp0_iter34                     |   1|   0|    1|          0|
    |ap_enable_reg_pp0_iter35                     |   1|   0|    1|          0|
    |ap_enable_reg_pp0_iter36                     |   1|   0|    1|          0|
    |ap_enable_reg_pp0_iter37                     |   1|   0|    1|          0|
    |ap_enable_reg_pp0_iter38                     |   1|   0|    1|          0|
    |ap_enable_reg_pp0_iter39                     |   1|   0|    1|          0|
    |ap_enable_reg_pp0_iter4                      |   1|   0|    1|          0|
    |ap_enable_reg_pp0_iter40                     |   1|   0|    1|          0|
    |ap_enable_reg_pp0_iter41                     |   1|   0|    1|          0|
    |ap_enable_reg_pp0_iter42                     |   1|   0|    1|          0|
    |ap_enable_reg_pp0_iter43                     |   1|   0|    1|          0|
    |ap_enable_reg_pp0_iter44                     |   1|   0|    1|          0|
    |ap_enable_reg_pp0_iter45                     |   1|   0|    1|          0|
    |ap_enable_reg_pp0_iter46                     |   1|   0|    1|          0|
    |ap_enable_reg_pp0_iter47                     |   1|   0|    1|          0|
    |ap_enable_reg_pp0_iter48                     |   1|   0|    1|          0|
    |ap_enable_reg_pp0_iter49                     |   1|   0|    1|          0|
    |ap_enable_reg_pp0_iter5                      |   1|   0|    1|          0|
    |ap_enable_reg_pp0_iter50                     |   1|   0|    1|          0|
    |ap_enable_reg_pp0_iter51                     |   1|   0|    1|          0|
    |ap_enable_reg_pp0_iter52                     |   1|   0|    1|          0|
    |ap_enable_reg_pp0_iter53                     |   1|   0|    1|          0|
    |ap_enable_reg_pp0_iter54                     |   1|   0|    1|          0|
    |ap_enable_reg_pp0_iter55                     |   1|   0|    1|          0|
    |ap_enable_reg_pp0_iter56                     |   1|   0|    1|          0|
    |ap_enable_reg_pp0_iter57                     |   1|   0|    1|          0|
    |ap_enable_reg_pp0_iter58                     |   1|   0|    1|          0|
    |ap_enable_reg_pp0_iter59                     |   1|   0|    1|          0|
    |ap_enable_reg_pp0_iter6                      |   1|   0|    1|          0|
    |ap_enable_reg_pp0_iter60                     |   1|   0|    1|          0|
    |ap_enable_reg_pp0_iter61                     |   1|   0|    1|          0|
    |ap_enable_reg_pp0_iter62                     |   1|   0|    1|          0|
    |ap_enable_reg_pp0_iter63                     |   1|   0|    1|          0|
    |ap_enable_reg_pp0_iter64                     |   1|   0|    1|          0|
    |ap_enable_reg_pp0_iter65                     |   1|   0|    1|          0|
    |ap_enable_reg_pp0_iter66                     |   1|   0|    1|          0|
    |ap_enable_reg_pp0_iter67                     |   1|   0|    1|          0|
    |ap_enable_reg_pp0_iter68                     |   1|   0|    1|          0|
    |ap_enable_reg_pp0_iter69                     |   1|   0|    1|          0|
    |ap_enable_reg_pp0_iter7                      |   1|   0|    1|          0|
    |ap_enable_reg_pp0_iter70                     |   1|   0|    1|          0|
    |ap_enable_reg_pp0_iter71                     |   1|   0|    1|          0|
    |ap_enable_reg_pp0_iter72                     |   1|   0|    1|          0|
    |ap_enable_reg_pp0_iter73                     |   1|   0|    1|          0|
    |ap_enable_reg_pp0_iter74                     |   1|   0|    1|          0|
    |ap_enable_reg_pp0_iter75                     |   1|   0|    1|          0|
    |ap_enable_reg_pp0_iter76                     |   1|   0|    1|          0|
    |ap_enable_reg_pp0_iter77                     |   1|   0|    1|          0|
    |ap_enable_reg_pp0_iter8                      |   1|   0|    1|          0|
    |ap_enable_reg_pp0_iter9                      |   1|   0|    1|          0|
    |grp_sin_or_cos_double_s_fu_411_ap_start_reg  |   1|   0|    1|          0|
    |grp_sin_or_cos_double_s_fu_430_ap_start_reg  |   1|   0|    1|          0|
    |grp_sin_or_cos_double_s_fu_449_ap_start_reg  |   1|   0|    1|          0|
    |grp_sin_or_cos_double_s_fu_468_ap_start_reg  |   1|   0|    1|          0|
    |grp_sin_or_cos_double_s_fu_487_ap_start_reg  |   1|   0|    1|          0|
    |grp_sin_or_cos_double_s_fu_506_ap_start_reg  |   1|   0|    1|          0|
    |grp_sin_or_cos_double_s_fu_525_ap_start_reg  |   1|   0|    1|          0|
    |grp_sin_or_cos_double_s_fu_544_ap_start_reg  |   1|   0|    1|          0|
    |grp_sin_or_cos_double_s_fu_563_ap_start_reg  |   1|   0|    1|          0|
    |grp_sin_or_cos_double_s_fu_582_ap_start_reg  |   1|   0|    1|          0|
    |grp_sin_or_cos_double_s_fu_601_ap_start_reg  |   1|   0|    1|          0|
    |grp_sin_or_cos_double_s_fu_620_ap_start_reg  |   1|   0|    1|          0|
    |grp_sin_or_cos_double_s_fu_639_ap_start_reg  |   1|   0|    1|          0|
    |grp_sin_or_cos_double_s_fu_658_ap_start_reg  |   1|   0|    1|          0|
    |grp_sin_or_cos_double_s_fu_677_ap_start_reg  |   1|   0|    1|          0|
    |grp_sin_or_cos_double_s_fu_696_ap_start_reg  |   1|   0|    1|          0|
    |i_0_reg_388                                  |   4|   0|    4|          0|
    |i_1_reg_400                                  |   4|   0|    4|          0|
    |i_2_reg_1163                                 |   4|   0|    4|          0|
    |i_reg_1642                                   |   4|   0|    4|          0|
    |icmp_ln16_reg_1159                           |   1|   0|    1|          0|
    |sample_imag_0_read_reg_1069                  |  64|   0|   64|          0|
    |sample_imag_1_read_reg_1081                  |  64|   0|   64|          0|
    |sample_imag_2_read_reg_1093                  |  64|   0|   64|          0|
    |sample_imag_3_read_reg_1105                  |  64|   0|   64|          0|
    |sample_imag_4_read_reg_1117                  |  64|   0|   64|          0|
    |sample_imag_5_read_reg_1129                  |  64|   0|   64|          0|
    |sample_imag_6_read_reg_1141                  |  64|   0|   64|          0|
    |sample_imag_7_read_reg_1153                  |  64|   0|   64|          0|
    |sample_real_0_read_reg_1063                  |  64|   0|   64|          0|
    |sample_real_1_read_reg_1075                  |  64|   0|   64|          0|
    |sample_real_2_read_reg_1087                  |  64|   0|   64|          0|
    |sample_real_3_read_reg_1099                  |  64|   0|   64|          0|
    |sample_real_4_read_reg_1111                  |  64|   0|   64|          0|
    |sample_real_5_read_reg_1123                  |  64|   0|   64|          0|
    |sample_real_6_read_reg_1135                  |  64|   0|   64|          0|
    |sample_real_7_read_reg_1147                  |  64|   0|   64|          0|
    |tmp_1_1_reg_1370                             |  64|   0|   64|          0|
    |tmp_1_2_reg_1428                             |  64|   0|   64|          0|
    |tmp_1_3_reg_1480                             |  64|   0|   64|          0|
    |tmp_1_41_reg_1322                            |  64|   0|   64|          0|
    |tmp_1_4_reg_1532                             |  64|   0|   64|          0|
    |tmp_1_5_reg_1584                             |  64|   0|   64|          0|
    |tmp_1_6_reg_1624                             |  64|   0|   64|          0|
    |tmp_1_reg_1312                               |  64|   0|   64|          0|
    |tmp_2_42_reg_1380                            |  64|   0|   64|          0|
    |tmp_3_reg_1438                               |  64|   0|   64|          0|
    |tmp_4_1_reg_1269                             |  64|   0|   64|          0|
    |tmp_4_2_reg_1327                             |  64|   0|   64|          0|
    |tmp_4_3_reg_1385                             |  64|   0|   64|          0|
    |tmp_4_43_reg_1490                            |  64|   0|   64|          0|
    |tmp_4_4_reg_1443                             |  64|   0|   64|          0|
    |tmp_4_5_reg_1495                             |  64|   0|   64|          0|
    |tmp_4_6_reg_1547                             |  64|   0|   64|          0|
    |tmp_4_7_reg_1599                             |  64|   0|   64|          0|
    |tmp_4_reg_1221                               |  64|   0|   64|          0|
    |tmp_5_1_reg_1274                             |  64|   0|   64|          0|
    |tmp_5_2_reg_1332                             |  64|   0|   64|          0|
    |tmp_5_3_reg_1390                             |  64|   0|   64|          0|
    |tmp_5_44_reg_1542                            |  64|   0|   64|          0|
    |tmp_5_4_reg_1448                             |  64|   0|   64|          0|
    |tmp_5_5_reg_1500                             |  64|   0|   64|          0|
    |tmp_5_6_reg_1552                             |  64|   0|   64|          0|
    |tmp_5_7_reg_1604                             |  64|   0|   64|          0|
    |tmp_5_reg_1226                               |  64|   0|   64|          0|
    |tmp_6_1_reg_1317                             |  64|   0|   64|          0|
    |tmp_6_2_reg_1375                             |  64|   0|   64|          0|
    |tmp_6_3_reg_1433                             |  64|   0|   64|          0|
    |tmp_6_45_reg_1594                            |  64|   0|   64|          0|
    |tmp_6_4_reg_1485                             |  64|   0|   64|          0|
    |tmp_6_5_reg_1537                             |  64|   0|   64|          0|
    |tmp_6_6_reg_1589                             |  64|   0|   64|          0|
    |tmp_6_7_reg_1629                             |  64|   0|   64|          0|
    |tmp_6_reg_1259                               |  64|   0|   64|          0|
    |tmp_7_1_reg_1365                             |  64|   0|   64|          0|
    |tmp_7_2_reg_1423                             |  64|   0|   64|          0|
    |tmp_7_3_reg_1475                             |  64|   0|   64|          0|
    |tmp_7_46_reg_1634                            |  64|   0|   64|          0|
    |tmp_7_4_reg_1527                             |  64|   0|   64|          0|
    |tmp_7_5_reg_1579                             |  64|   0|   64|          0|
    |tmp_7_6_reg_1619                             |  64|   0|   64|          0|
    |tmp_7_reg_1307                               |  64|   0|   64|          0|
    |tmp_8_1_reg_1279                             |  64|   0|   64|          0|
    |tmp_8_2_reg_1337                             |  64|   0|   64|          0|
    |tmp_8_3_reg_1395                             |  64|   0|   64|          0|
    |tmp_8_4_reg_1453                             |  64|   0|   64|          0|
    |tmp_8_5_reg_1505                             |  64|   0|   64|          0|
    |tmp_8_6_reg_1557                             |  64|   0|   64|          0|
    |tmp_8_7_reg_1609                             |  64|   0|   64|          0|
    |tmp_8_reg_1231                               |  64|   0|   64|          0|
    |tmp_9_1_reg_1284                             |  64|   0|   64|          0|
    |tmp_9_2_reg_1342                             |  64|   0|   64|          0|
    |tmp_9_3_reg_1400                             |  64|   0|   64|          0|
    |tmp_9_4_reg_1458                             |  64|   0|   64|          0|
    |tmp_9_5_reg_1510                             |  64|   0|   64|          0|
    |tmp_9_6_reg_1562                             |  64|   0|   64|          0|
    |tmp_9_7_reg_1614                             |  64|   0|   64|          0|
    |tmp_9_reg_1236                               |  64|   0|   64|          0|
    |tmp_i_i10_reg_1463                           |  64|   0|   64|          0|
    |tmp_i_i11_reg_1469                           |  64|   0|   64|          0|
    |tmp_i_i12_reg_1515                           |  64|   0|   64|          0|
    |tmp_i_i13_reg_1521                           |  64|   0|   64|          0|
    |tmp_i_i14_reg_1567                           |  64|   0|   64|          0|
    |tmp_i_i15_reg_1573                           |  64|   0|   64|          0|
    |tmp_i_i1_reg_1209                            |  64|   0|   64|          0|
    |tmp_i_i2_reg_1241                            |  64|   0|   64|          0|
    |tmp_i_i3_reg_1247                            |  64|   0|   64|          0|
    |tmp_i_i4_reg_1289                            |  64|   0|   64|          0|
    |tmp_i_i5_reg_1295                            |  64|   0|   64|          0|
    |tmp_i_i6_reg_1347                            |  64|   0|   64|          0|
    |tmp_i_i7_reg_1353                            |  64|   0|   64|          0|
    |tmp_i_i8_reg_1405                            |  64|   0|   64|          0|
    |tmp_i_i9_reg_1411                            |  64|   0|   64|          0|
    |tmp_i_i_reg_1203                             |  64|   0|   64|          0|
    |tmp_reg_1173                                 |  64|   0|   64|          0|
    |tmp_s_reg_1264                               |  64|   0|   64|          0|
    |trunc_ln34_reg_1652                          |   3|   0|    3|          0|
    |w_reg_1178                                   |  64|   0|   64|          0|
    |x_assign_2_reg_1197                          |  64|   0|   64|          0|
    |x_assign_3_reg_1215                          |  64|   0|   64|          0|
    |x_assign_4_reg_1253                          |  64|   0|   64|          0|
    |x_assign_5_reg_1301                          |  64|   0|   64|          0|
    |x_assign_6_reg_1359                          |  64|   0|   64|          0|
    |x_assign_7_reg_1417                          |  64|   0|   64|          0|
    |x_assign_reg_1191                            |  64|   0|   64|          0|
    |i_0_reg_388                                  |  64|  96|    4|          0|
    |icmp_ln16_reg_1159                           |  64|  96|    1|          0|
    |w_reg_1178                                   |   6|   2|   64|          0|
    +---------------------------------------------+----+----+-----+-----------+
    |Total                                        |6846| 194| 6781|          0|
    +---------------------------------------------+----+----+-----+-----------+



================================================================
== Interface
================================================================
* Summary: 
+------------------------+-----+-----+------------+---------------+--------------+
|        RTL Ports       | Dir | Bits|  Protocol  | Source Object |    C Type    |
+------------------------+-----+-----+------------+---------------+--------------+
|ap_clk                  |  in |    1| ap_ctrl_hs |      dft      | return value |
|ap_rst                  |  in |    1| ap_ctrl_hs |      dft      | return value |
|ap_start                |  in |    1| ap_ctrl_hs |      dft      | return value |
|ap_done                 | out |    1| ap_ctrl_hs |      dft      | return value |
|ap_idle                 | out |    1| ap_ctrl_hs |      dft      | return value |
|ap_ready                | out |    1| ap_ctrl_hs |      dft      | return value |
|sample_real_0_i         |  in |   64|   ap_ovld  | sample_real_0 |    pointer   |
|sample_real_0_o         | out |   64|   ap_ovld  | sample_real_0 |    pointer   |
|sample_real_0_o_ap_vld  | out |    1|   ap_ovld  | sample_real_0 |    pointer   |
|sample_real_1_i         |  in |   64|   ap_ovld  | sample_real_1 |    pointer   |
|sample_real_1_o         | out |   64|   ap_ovld  | sample_real_1 |    pointer   |
|sample_real_1_o_ap_vld  | out |    1|   ap_ovld  | sample_real_1 |    pointer   |
|sample_real_2_i         |  in |   64|   ap_ovld  | sample_real_2 |    pointer   |
|sample_real_2_o         | out |   64|   ap_ovld  | sample_real_2 |    pointer   |
|sample_real_2_o_ap_vld  | out |    1|   ap_ovld  | sample_real_2 |    pointer   |
|sample_real_3_i         |  in |   64|   ap_ovld  | sample_real_3 |    pointer   |
|sample_real_3_o         | out |   64|   ap_ovld  | sample_real_3 |    pointer   |
|sample_real_3_o_ap_vld  | out |    1|   ap_ovld  | sample_real_3 |    pointer   |
|sample_real_4_i         |  in |   64|   ap_ovld  | sample_real_4 |    pointer   |
|sample_real_4_o         | out |   64|   ap_ovld  | sample_real_4 |    pointer   |
|sample_real_4_o_ap_vld  | out |    1|   ap_ovld  | sample_real_4 |    pointer   |
|sample_real_5_i         |  in |   64|   ap_ovld  | sample_real_5 |    pointer   |
|sample_real_5_o         | out |   64|   ap_ovld  | sample_real_5 |    pointer   |
|sample_real_5_o_ap_vld  | out |    1|   ap_ovld  | sample_real_5 |    pointer   |
|sample_real_6_i         |  in |   64|   ap_ovld  | sample_real_6 |    pointer   |
|sample_real_6_o         | out |   64|   ap_ovld  | sample_real_6 |    pointer   |
|sample_real_6_o_ap_vld  | out |    1|   ap_ovld  | sample_real_6 |    pointer   |
|sample_real_7_i         |  in |   64|   ap_ovld  | sample_real_7 |    pointer   |
|sample_real_7_o         | out |   64|   ap_ovld  | sample_real_7 |    pointer   |
|sample_real_7_o_ap_vld  | out |    1|   ap_ovld  | sample_real_7 |    pointer   |
|sample_imag_0_i         |  in |   64|   ap_ovld  | sample_imag_0 |    pointer   |
|sample_imag_0_o         | out |   64|   ap_ovld  | sample_imag_0 |    pointer   |
|sample_imag_0_o_ap_vld  | out |    1|   ap_ovld  | sample_imag_0 |    pointer   |
|sample_imag_1_i         |  in |   64|   ap_ovld  | sample_imag_1 |    pointer   |
|sample_imag_1_o         | out |   64|   ap_ovld  | sample_imag_1 |    pointer   |
|sample_imag_1_o_ap_vld  | out |    1|   ap_ovld  | sample_imag_1 |    pointer   |
|sample_imag_2_i         |  in |   64|   ap_ovld  | sample_imag_2 |    pointer   |
|sample_imag_2_o         | out |   64|   ap_ovld  | sample_imag_2 |    pointer   |
|sample_imag_2_o_ap_vld  | out |    1|   ap_ovld  | sample_imag_2 |    pointer   |
|sample_imag_3_i         |  in |   64|   ap_ovld  | sample_imag_3 |    pointer   |
|sample_imag_3_o         | out |   64|   ap_ovld  | sample_imag_3 |    pointer   |
|sample_imag_3_o_ap_vld  | out |    1|   ap_ovld  | sample_imag_3 |    pointer   |
|sample_imag_4_i         |  in |   64|   ap_ovld  | sample_imag_4 |    pointer   |
|sample_imag_4_o         | out |   64|   ap_ovld  | sample_imag_4 |    pointer   |
|sample_imag_4_o_ap_vld  | out |    1|   ap_ovld  | sample_imag_4 |    pointer   |
|sample_imag_5_i         |  in |   64|   ap_ovld  | sample_imag_5 |    pointer   |
|sample_imag_5_o         | out |   64|   ap_ovld  | sample_imag_5 |    pointer   |
|sample_imag_5_o_ap_vld  | out |    1|   ap_ovld  | sample_imag_5 |    pointer   |
|sample_imag_6_i         |  in |   64|   ap_ovld  | sample_imag_6 |    pointer   |
|sample_imag_6_o         | out |   64|   ap_ovld  | sample_imag_6 |    pointer   |
|sample_imag_6_o_ap_vld  | out |    1|   ap_ovld  | sample_imag_6 |    pointer   |
|sample_imag_7_i         |  in |   64|   ap_ovld  | sample_imag_7 |    pointer   |
|sample_imag_7_o         | out |   64|   ap_ovld  | sample_imag_7 |    pointer   |
|sample_imag_7_o_ap_vld  | out |    1|   ap_ovld  | sample_imag_7 |    pointer   |
+------------------------+-----+-----+------------+---------------+--------------+

