

================================================================
== Vivado HLS Report for 'cordic'
================================================================
* Date:           Sat Apr 15 10:00:10 2023

* Version:        2020.1 (Build 2897737 on Wed May 27 20:21:37 MDT 2020)
* Project:        cordic
* Solution:       solution1
* Product family: virtex7
* Target device:  xc7vx485t-ffg1157-1


================================================================
== Performance Estimates
================================================================
+ Timing: 
    * Summary: 
    +--------+----------+----------+------------+
    |  Clock |  Target  | Estimated| Uncertainty|
    +--------+----------+----------+------------+
    |ap_clk  | 10.00 ns | 7.882 ns |   1.25 ns  |
    +--------+----------+----------+------------+

+ Latency: 
    * Summary: 
    +---------+---------+----------+----------+-----+-----+---------+
    |  Latency (cycles) |  Latency (absolute) |  Interval | Pipeline|
    |   min   |   max   |    min   |    max   | min | max |   Type  |
    +---------+---------+----------+----------+-----+-----+---------+
    |       33|       33| 0.330 us | 0.330 us |   33|   33|   none  |
    +---------+---------+----------+----------+-----+-----+---------+

    + Detail: 
        * Instance: 
        N/A

        * Loop: 
        +----------+---------+---------+----------+-----------+-----------+------+----------+
        |          |  Latency (cycles) | Iteration|  Initiation Interval  | Trip |          |
        | Loop Name|   min   |   max   |  Latency |  achieved |   target  | Count| Pipelined|
        +----------+---------+---------+----------+-----------+-----------+------+----------+
        |- Loop 1  |       32|       32|         2|          -|          -|    16|    no    |
        +----------+---------+---------+----------+-----------+-----------+------+----------+



================================================================
== Utilization Estimates
================================================================
* Summary: 
+-----------------+---------+-------+--------+--------+-----+
|       Name      | BRAM_18K| DSP48E|   FF   |   LUT  | URAM|
+-----------------+---------+-------+--------+--------+-----+
|DSP              |        -|      2|       -|       -|    -|
|Expression       |        -|      -|       0|     140|    -|
|FIFO             |        -|      -|       -|       -|    -|
|Instance         |        -|      -|       -|       -|    -|
|Memory           |        0|      -|      11|       3|    -|
|Multiplexer      |        -|      -|       -|      66|    -|
|Register         |        -|      -|      96|       -|    -|
+-----------------+---------+-------+--------+--------+-----+
|Total            |        0|      2|     107|     209|    0|
+-----------------+---------+-------+--------+--------+-----+
|Available        |     2060|   2800|  607200|  303600|    0|
+-----------------+---------+-------+--------+--------+-----+
|Utilization (%)  |        0|   ~0  |   ~0   |   ~0   |    0|
+-----------------+---------+-------+--------+--------+-----+

+ Detail: 
    * Instance: 
    N/A

    * DSP48E: 
    +-------------------------+----------------------+--------------+
    |         Instance        |        Module        |  Expression  |
    +-------------------------+----------------------+--------------+
    |cordic_mac_muladddEe_U2  |cordic_mac_muladddEe  | i0 * i1 + i2 |
    |cordic_mac_mulsubcud_U1  |cordic_mac_mulsubcud  | i0 - i1 * i2 |
    +-------------------------+----------------------+--------------+

    * Memory: 
    +------------------+----------------------+---------+----+----+-----+------+-----+------+-------------+
    |      Memory      |        Module        | BRAM_18K| FF | LUT| URAM| Words| Bits| Banks| W*Bits*Banks|
    +------------------+----------------------+---------+----+----+-----+------+-----+------+-------------+
    |cordic_phase_V_U  |cordic_cordic_phabkb  |        0|  11|   3|    0|    16|   11|     1|          176|
    +------------------+----------------------+---------+----+----+-----+------+-----+------+-------------+
    |Total             |                      |        0|  11|   3|    0|    16|   11|     1|          176|
    +------------------+----------------------+---------+----+----+-----+------+-----+------+-------------+

    * FIFO: 
    N/A

    * Expression: 
    +------------------------+----------+-------+---+----+------------+------------+
    |      Variable Name     | Operation| DSP48E| FF| LUT| Bitwidth P0| Bitwidth P1|
    +------------------------+----------+-------+---+----+------------+------------+
    |j_fu_155_p2             |     +    |      0|  0|  15|           5|           1|
    |sub_ln1118_1_fu_216_p2  |     -    |      0|  0|  20|           1|          13|
    |sub_ln1118_fu_173_p2    |     -    |      0|  0|  20|           1|          13|
    |sub_ln703_1_fu_270_p2   |     -    |      0|  0|  18|           1|          11|
    |sub_ln703_fu_287_p2     |     -    |      0|  0|  19|          12|          12|
    |icmp_ln17_fu_149_p2     |   icmp   |      0|  0|  11|           5|           6|
    |r_V_1_fu_222_p3         |  select  |      0|  0|  13|           1|          13|
    |r_V_fu_179_p3           |  select  |      0|  0|  13|           1|          13|
    |select_ln703_fu_276_p3  |  select  |      0|  0|  11|           1|          11|
    +------------------------+----------+-------+---+----+------------+------------+
    |Total                   |          |      0|  0| 140|          28|          93|
    +------------------------+----------+-------+---+----+------------+------------+

    * Multiplexer: 
    +--------------------+----+-----------+-----+-----------+
    |        Name        | LUT| Input Size| Bits| Total Bits|
    +--------------------+----+-----------+-----+-----------+
    |ap_NS_fsm           |  21|          4|    1|          4|
    |factor_0_reg_103    |   9|          2|   11|         22|
    |j_0_reg_138         |   9|          2|    5|         10|
    |p_Val2_2_reg_114    |   9|          2|   12|         24|
    |p_Val2_4_reg_93     |   9|          2|   12|         24|
    |temp_cos_V_reg_126  |   9|          2|   12|         24|
    +--------------------+----+-----------+-----+-----------+
    |Total               |  66|         14|   53|        108|
    +--------------------+----+-----------+-----+-----------+

    * Register: 
    +-----------------------+----+----+-----+-----------+
    |          Name         | FF | LUT| Bits| Const Bits|
    +-----------------------+----+----+-----+-----------+
    |ap_CS_fsm              |   3|   0|    3|          0|
    |current_cos_V_reg_329  |  12|   0|   12|          0|
    |current_sin_V_reg_334  |  12|   0|   12|          0|
    |factor_0_reg_103       |  11|   0|   11|          0|
    |j_0_reg_138            |   5|   0|    5|          0|
    |j_reg_319              |   5|   0|    5|          0|
    |p_Val2_2_reg_114       |  12|   0|   12|          0|
    |p_Val2_4_reg_93        |  12|   0|   12|          0|
    |sext_ln1333_reg_344    |  11|   0|   11|          0|
    |temp_cos_V_reg_126     |  12|   0|   12|          0|
    |tmp_reg_324            |   1|   0|    1|          0|
    +-----------------------+----+----+-----+-----------+
    |Total                  |  96|   0|   96|          0|
    +-----------------------+----+----+-----+-----------+



================================================================
== Interface
================================================================
* Summary: 
+------------+-----+-----+------------+--------------+--------------+
|  RTL Ports | Dir | Bits|  Protocol  | Source Object|    C Type    |
+------------+-----+-----+------------+--------------+--------------+
|ap_clk      |  in |    1| ap_ctrl_hs |    cordic    | return value |
|ap_rst      |  in |    1| ap_ctrl_hs |    cordic    | return value |
|ap_start    |  in |    1| ap_ctrl_hs |    cordic    | return value |
|ap_done     | out |    1| ap_ctrl_hs |    cordic    | return value |
|ap_idle     | out |    1| ap_ctrl_hs |    cordic    | return value |
|ap_ready    | out |    1| ap_ctrl_hs |    cordic    | return value |
|theta_V     |  in |   12|   ap_none  |    theta_V   |    scalar    |
|s_V         | out |   12|   ap_vld   |      s_V     |    pointer   |
|s_V_ap_vld  | out |    1|   ap_vld   |      s_V     |    pointer   |
|c_V         | out |   12|   ap_vld   |      c_V     |    pointer   |
|c_V_ap_vld  | out |    1|   ap_vld   |      c_V     |    pointer   |
+------------+-----+-----+------------+--------------+--------------+

