

================================================================
== Vivado HLS Report for 'Load_W'
================================================================
* Date:           Wed Apr 19 11:51:02 2023

* Version:        2020.1 (Build 2897737 on Wed May 27 20:21:37 MDT 2020)
* Project:        convolution
* Solution:       solution1
* Product family: virtex7
* Target device:  xc7vx485t-ffg1157-1


================================================================
== Performance Estimates
================================================================
+ Timing: 
    * Summary: 
    +--------+----------+----------+------------+
    |  Clock |  Target  | Estimated| Uncertainty|
    +--------+----------+----------+------------+
    |ap_clk  | 10.00 ns | 8.750 ns |   1.25 ns  |
    +--------+----------+----------+------------+

+ Latency: 
    * Summary: 
    +---------+---------+----------+----------+-----+-----+---------+
    |  Latency (cycles) |  Latency (absolute) |  Interval | Pipeline|
    |   min   |   max   |    min   |    max   | min | max |   Type  |
    +---------+---------+----------+----------+-----+-----+---------+
    |      153|      153| 1.530 us | 1.530 us |  153|  153|   none  |
    +---------+---------+----------+----------+-----+-----+---------+

    + Detail: 
        * Instance: 
        N/A

        * Loop: 
        +----------+---------+---------+----------+-----------+-----------+------+----------+
        |          |  Latency (cycles) | Iteration|  Initiation Interval  | Trip |          |
        | Loop Name|   min   |   max   |  Latency |  achieved |   target  | Count| Pipelined|
        +----------+---------+---------+----------+-----------+-----------+------+----------+
        |- Loop 1  |      151|      151|        44|         36|          1|     4|    yes   |
        +----------+---------+---------+----------+-----------+-----------+------+----------+



================================================================
== Utilization Estimates
================================================================
* Summary: 
+-----------------+---------+-------+--------+--------+-----+
|       Name      | BRAM_18K| DSP48E|   FF   |   LUT  | URAM|
+-----------------+---------+-------+--------+--------+-----+
|DSP              |        -|      -|       -|       -|    -|
|Expression       |        -|      -|       0|     689|    -|
|FIFO             |        -|      -|       -|       -|    -|
|Instance         |        -|      -|       0|    3024|    -|
|Memory           |        -|      -|       -|       -|    -|
|Multiplexer      |        -|      -|       -|    2993|    -|
|Register         |        -|      -|     610|       -|    -|
+-----------------+---------+-------+--------+--------+-----+
|Total            |        0|      0|     610|    6706|    0|
+-----------------+---------+-------+--------+--------+-----+
|Available        |     2060|   2800|  607200|  303600|    0|
+-----------------+---------+-------+--------+--------+-----+
|Utilization (%)  |        0|      0|   ~0   |       2|    0|
+-----------------+---------+-------+--------+--------+-----+

+ Detail: 
    * Instance: 
    +---------------------------+----------------------+---------+-------+---+----+-----+
    |          Instance         |        Module        | BRAM_18K| DSP48E| FF| LUT| URAM|
    +---------------------------+----------------------+---------+-------+---+----+-----+
    |convolution_mux_4bkb_U1    |convolution_mux_4bkb  |        0|      0|  0|  21|    0|
    |convolution_mux_4bkb_U2    |convolution_mux_4bkb  |        0|      0|  0|  21|    0|
    |convolution_mux_4bkb_U3    |convolution_mux_4bkb  |        0|      0|  0|  21|    0|
    |convolution_mux_4bkb_U4    |convolution_mux_4bkb  |        0|      0|  0|  21|    0|
    |convolution_mux_4bkb_U5    |convolution_mux_4bkb  |        0|      0|  0|  21|    0|
    |convolution_mux_4bkb_U6    |convolution_mux_4bkb  |        0|      0|  0|  21|    0|
    |convolution_mux_4bkb_U7    |convolution_mux_4bkb  |        0|      0|  0|  21|    0|
    |convolution_mux_4bkb_U8    |convolution_mux_4bkb  |        0|      0|  0|  21|    0|
    |convolution_mux_4bkb_U9    |convolution_mux_4bkb  |        0|      0|  0|  21|    0|
    |convolution_mux_4bkb_U10   |convolution_mux_4bkb  |        0|      0|  0|  21|    0|
    |convolution_mux_4bkb_U11   |convolution_mux_4bkb  |        0|      0|  0|  21|    0|
    |convolution_mux_4bkb_U12   |convolution_mux_4bkb  |        0|      0|  0|  21|    0|
    |convolution_mux_4bkb_U13   |convolution_mux_4bkb  |        0|      0|  0|  21|    0|
    |convolution_mux_4bkb_U14   |convolution_mux_4bkb  |        0|      0|  0|  21|    0|
    |convolution_mux_4bkb_U15   |convolution_mux_4bkb  |        0|      0|  0|  21|    0|
    |convolution_mux_4bkb_U16   |convolution_mux_4bkb  |        0|      0|  0|  21|    0|
    |convolution_mux_4bkb_U17   |convolution_mux_4bkb  |        0|      0|  0|  21|    0|
    |convolution_mux_4bkb_U18   |convolution_mux_4bkb  |        0|      0|  0|  21|    0|
    |convolution_mux_4bkb_U19   |convolution_mux_4bkb  |        0|      0|  0|  21|    0|
    |convolution_mux_4bkb_U20   |convolution_mux_4bkb  |        0|      0|  0|  21|    0|
    |convolution_mux_4bkb_U21   |convolution_mux_4bkb  |        0|      0|  0|  21|    0|
    |convolution_mux_4bkb_U22   |convolution_mux_4bkb  |        0|      0|  0|  21|    0|
    |convolution_mux_4bkb_U23   |convolution_mux_4bkb  |        0|      0|  0|  21|    0|
    |convolution_mux_4bkb_U24   |convolution_mux_4bkb  |        0|      0|  0|  21|    0|
    |convolution_mux_4bkb_U25   |convolution_mux_4bkb  |        0|      0|  0|  21|    0|
    |convolution_mux_4bkb_U26   |convolution_mux_4bkb  |        0|      0|  0|  21|    0|
    |convolution_mux_4bkb_U27   |convolution_mux_4bkb  |        0|      0|  0|  21|    0|
    |convolution_mux_4bkb_U28   |convolution_mux_4bkb  |        0|      0|  0|  21|    0|
    |convolution_mux_4bkb_U29   |convolution_mux_4bkb  |        0|      0|  0|  21|    0|
    |convolution_mux_4bkb_U30   |convolution_mux_4bkb  |        0|      0|  0|  21|    0|
    |convolution_mux_4bkb_U31   |convolution_mux_4bkb  |        0|      0|  0|  21|    0|
    |convolution_mux_4bkb_U32   |convolution_mux_4bkb  |        0|      0|  0|  21|    0|
    |convolution_mux_4bkb_U33   |convolution_mux_4bkb  |        0|      0|  0|  21|    0|
    |convolution_mux_4bkb_U34   |convolution_mux_4bkb  |        0|      0|  0|  21|    0|
    |convolution_mux_4bkb_U35   |convolution_mux_4bkb  |        0|      0|  0|  21|    0|
    |convolution_mux_4bkb_U36   |convolution_mux_4bkb  |        0|      0|  0|  21|    0|
    |convolution_mux_4bkb_U37   |convolution_mux_4bkb  |        0|      0|  0|  21|    0|
    |convolution_mux_4bkb_U38   |convolution_mux_4bkb  |        0|      0|  0|  21|    0|
    |convolution_mux_4bkb_U39   |convolution_mux_4bkb  |        0|      0|  0|  21|    0|
    |convolution_mux_4bkb_U40   |convolution_mux_4bkb  |        0|      0|  0|  21|    0|
    |convolution_mux_4bkb_U41   |convolution_mux_4bkb  |        0|      0|  0|  21|    0|
    |convolution_mux_4bkb_U42   |convolution_mux_4bkb  |        0|      0|  0|  21|    0|
    |convolution_mux_4bkb_U43   |convolution_mux_4bkb  |        0|      0|  0|  21|    0|
    |convolution_mux_4bkb_U44   |convolution_mux_4bkb  |        0|      0|  0|  21|    0|
    |convolution_mux_4bkb_U45   |convolution_mux_4bkb  |        0|      0|  0|  21|    0|
    |convolution_mux_4bkb_U46   |convolution_mux_4bkb  |        0|      0|  0|  21|    0|
    |convolution_mux_4bkb_U47   |convolution_mux_4bkb  |        0|      0|  0|  21|    0|
    |convolution_mux_4bkb_U48   |convolution_mux_4bkb  |        0|      0|  0|  21|    0|
    |convolution_mux_4bkb_U49   |convolution_mux_4bkb  |        0|      0|  0|  21|    0|
    |convolution_mux_4bkb_U50   |convolution_mux_4bkb  |        0|      0|  0|  21|    0|
    |convolution_mux_4bkb_U51   |convolution_mux_4bkb  |        0|      0|  0|  21|    0|
    |convolution_mux_4bkb_U52   |convolution_mux_4bkb  |        0|      0|  0|  21|    0|
    |convolution_mux_4bkb_U53   |convolution_mux_4bkb  |        0|      0|  0|  21|    0|
    |convolution_mux_4bkb_U54   |convolution_mux_4bkb  |        0|      0|  0|  21|    0|
    |convolution_mux_4bkb_U55   |convolution_mux_4bkb  |        0|      0|  0|  21|    0|
    |convolution_mux_4bkb_U56   |convolution_mux_4bkb  |        0|      0|  0|  21|    0|
    |convolution_mux_4bkb_U57   |convolution_mux_4bkb  |        0|      0|  0|  21|    0|
    |convolution_mux_4bkb_U58   |convolution_mux_4bkb  |        0|      0|  0|  21|    0|
    |convolution_mux_4bkb_U59   |convolution_mux_4bkb  |        0|      0|  0|  21|    0|
    |convolution_mux_4bkb_U60   |convolution_mux_4bkb  |        0|      0|  0|  21|    0|
    |convolution_mux_4bkb_U61   |convolution_mux_4bkb  |        0|      0|  0|  21|    0|
    |convolution_mux_4bkb_U62   |convolution_mux_4bkb  |        0|      0|  0|  21|    0|
    |convolution_mux_4bkb_U63   |convolution_mux_4bkb  |        0|      0|  0|  21|    0|
    |convolution_mux_4bkb_U64   |convolution_mux_4bkb  |        0|      0|  0|  21|    0|
    |convolution_mux_4bkb_U65   |convolution_mux_4bkb  |        0|      0|  0|  21|    0|
    |convolution_mux_4bkb_U66   |convolution_mux_4bkb  |        0|      0|  0|  21|    0|
    |convolution_mux_4bkb_U67   |convolution_mux_4bkb  |        0|      0|  0|  21|    0|
    |convolution_mux_4bkb_U68   |convolution_mux_4bkb  |        0|      0|  0|  21|    0|
    |convolution_mux_4bkb_U69   |convolution_mux_4bkb  |        0|      0|  0|  21|    0|
    |convolution_mux_4bkb_U70   |convolution_mux_4bkb  |        0|      0|  0|  21|    0|
    |convolution_mux_4bkb_U71   |convolution_mux_4bkb  |        0|      0|  0|  21|    0|
    |convolution_mux_4bkb_U72   |convolution_mux_4bkb  |        0|      0|  0|  21|    0|
    |convolution_mux_4bkb_U73   |convolution_mux_4bkb  |        0|      0|  0|  21|    0|
    |convolution_mux_4bkb_U74   |convolution_mux_4bkb  |        0|      0|  0|  21|    0|
    |convolution_mux_4bkb_U75   |convolution_mux_4bkb  |        0|      0|  0|  21|    0|
    |convolution_mux_4bkb_U76   |convolution_mux_4bkb  |        0|      0|  0|  21|    0|
    |convolution_mux_4bkb_U77   |convolution_mux_4bkb  |        0|      0|  0|  21|    0|
    |convolution_mux_4bkb_U78   |convolution_mux_4bkb  |        0|      0|  0|  21|    0|
    |convolution_mux_4bkb_U79   |convolution_mux_4bkb  |        0|      0|  0|  21|    0|
    |convolution_mux_4bkb_U80   |convolution_mux_4bkb  |        0|      0|  0|  21|    0|
    |convolution_mux_4bkb_U81   |convolution_mux_4bkb  |        0|      0|  0|  21|    0|
    |convolution_mux_4bkb_U82   |convolution_mux_4bkb  |        0|      0|  0|  21|    0|
    |convolution_mux_4bkb_U83   |convolution_mux_4bkb  |        0|      0|  0|  21|    0|
    |convolution_mux_4bkb_U84   |convolution_mux_4bkb  |        0|      0|  0|  21|    0|
    |convolution_mux_4bkb_U85   |convolution_mux_4bkb  |        0|      0|  0|  21|    0|
    |convolution_mux_4bkb_U86   |convolution_mux_4bkb  |        0|      0|  0|  21|    0|
    |convolution_mux_4bkb_U87   |convolution_mux_4bkb  |        0|      0|  0|  21|    0|
    |convolution_mux_4bkb_U88   |convolution_mux_4bkb  |        0|      0|  0|  21|    0|
    |convolution_mux_4bkb_U89   |convolution_mux_4bkb  |        0|      0|  0|  21|    0|
    |convolution_mux_4bkb_U90   |convolution_mux_4bkb  |        0|      0|  0|  21|    0|
    |convolution_mux_4bkb_U91   |convolution_mux_4bkb  |        0|      0|  0|  21|    0|
    |convolution_mux_4bkb_U92   |convolution_mux_4bkb  |        0|      0|  0|  21|    0|
    |convolution_mux_4bkb_U93   |convolution_mux_4bkb  |        0|      0|  0|  21|    0|
    |convolution_mux_4bkb_U94   |convolution_mux_4bkb  |        0|      0|  0|  21|    0|
    |convolution_mux_4bkb_U95   |convolution_mux_4bkb  |        0|      0|  0|  21|    0|
    |convolution_mux_4bkb_U96   |convolution_mux_4bkb  |        0|      0|  0|  21|    0|
    |convolution_mux_4bkb_U97   |convolution_mux_4bkb  |        0|      0|  0|  21|    0|
    |convolution_mux_4bkb_U98   |convolution_mux_4bkb  |        0|      0|  0|  21|    0|
    |convolution_mux_4bkb_U99   |convolution_mux_4bkb  |        0|      0|  0|  21|    0|
    |convolution_mux_4bkb_U100  |convolution_mux_4bkb  |        0|      0|  0|  21|    0|
    |convolution_mux_4bkb_U101  |convolution_mux_4bkb  |        0|      0|  0|  21|    0|
    |convolution_mux_4bkb_U102  |convolution_mux_4bkb  |        0|      0|  0|  21|    0|
    |convolution_mux_4bkb_U103  |convolution_mux_4bkb  |        0|      0|  0|  21|    0|
    |convolution_mux_4bkb_U104  |convolution_mux_4bkb  |        0|      0|  0|  21|    0|
    |convolution_mux_4bkb_U105  |convolution_mux_4bkb  |        0|      0|  0|  21|    0|
    |convolution_mux_4bkb_U106  |convolution_mux_4bkb  |        0|      0|  0|  21|    0|
    |convolution_mux_4bkb_U107  |convolution_mux_4bkb  |        0|      0|  0|  21|    0|
    |convolution_mux_4bkb_U108  |convolution_mux_4bkb  |        0|      0|  0|  21|    0|
    |convolution_mux_4bkb_U109  |convolution_mux_4bkb  |        0|      0|  0|  21|    0|
    |convolution_mux_4bkb_U110  |convolution_mux_4bkb  |        0|      0|  0|  21|    0|
    |convolution_mux_4bkb_U111  |convolution_mux_4bkb  |        0|      0|  0|  21|    0|
    |convolution_mux_4bkb_U112  |convolution_mux_4bkb  |        0|      0|  0|  21|    0|
    |convolution_mux_4bkb_U113  |convolution_mux_4bkb  |        0|      0|  0|  21|    0|
    |convolution_mux_4bkb_U114  |convolution_mux_4bkb  |        0|      0|  0|  21|    0|
    |convolution_mux_4bkb_U115  |convolution_mux_4bkb  |        0|      0|  0|  21|    0|
    |convolution_mux_4bkb_U116  |convolution_mux_4bkb  |        0|      0|  0|  21|    0|
    |convolution_mux_4bkb_U117  |convolution_mux_4bkb  |        0|      0|  0|  21|    0|
    |convolution_mux_4bkb_U118  |convolution_mux_4bkb  |        0|      0|  0|  21|    0|
    |convolution_mux_4bkb_U119  |convolution_mux_4bkb  |        0|      0|  0|  21|    0|
    |convolution_mux_4bkb_U120  |convolution_mux_4bkb  |        0|      0|  0|  21|    0|
    |convolution_mux_4bkb_U121  |convolution_mux_4bkb  |        0|      0|  0|  21|    0|
    |convolution_mux_4bkb_U122  |convolution_mux_4bkb  |        0|      0|  0|  21|    0|
    |convolution_mux_4bkb_U123  |convolution_mux_4bkb  |        0|      0|  0|  21|    0|
    |convolution_mux_4bkb_U124  |convolution_mux_4bkb  |        0|      0|  0|  21|    0|
    |convolution_mux_4bkb_U125  |convolution_mux_4bkb  |        0|      0|  0|  21|    0|
    |convolution_mux_4bkb_U126  |convolution_mux_4bkb  |        0|      0|  0|  21|    0|
    |convolution_mux_4bkb_U127  |convolution_mux_4bkb  |        0|      0|  0|  21|    0|
    |convolution_mux_4bkb_U128  |convolution_mux_4bkb  |        0|      0|  0|  21|    0|
    |convolution_mux_4bkb_U129  |convolution_mux_4bkb  |        0|      0|  0|  21|    0|
    |convolution_mux_4bkb_U130  |convolution_mux_4bkb  |        0|      0|  0|  21|    0|
    |convolution_mux_4bkb_U131  |convolution_mux_4bkb  |        0|      0|  0|  21|    0|
    |convolution_mux_4bkb_U132  |convolution_mux_4bkb  |        0|      0|  0|  21|    0|
    |convolution_mux_4bkb_U133  |convolution_mux_4bkb  |        0|      0|  0|  21|    0|
    |convolution_mux_4bkb_U134  |convolution_mux_4bkb  |        0|      0|  0|  21|    0|
    |convolution_mux_4bkb_U135  |convolution_mux_4bkb  |        0|      0|  0|  21|    0|
    |convolution_mux_4bkb_U136  |convolution_mux_4bkb  |        0|      0|  0|  21|    0|
    |convolution_mux_4bkb_U137  |convolution_mux_4bkb  |        0|      0|  0|  21|    0|
    |convolution_mux_4bkb_U138  |convolution_mux_4bkb  |        0|      0|  0|  21|    0|
    |convolution_mux_4bkb_U139  |convolution_mux_4bkb  |        0|      0|  0|  21|    0|
    |convolution_mux_4bkb_U140  |convolution_mux_4bkb  |        0|      0|  0|  21|    0|
    |convolution_mux_4bkb_U141  |convolution_mux_4bkb  |        0|      0|  0|  21|    0|
    |convolution_mux_4bkb_U142  |convolution_mux_4bkb  |        0|      0|  0|  21|    0|
    |convolution_mux_4bkb_U143  |convolution_mux_4bkb  |        0|      0|  0|  21|    0|
    |convolution_mux_4bkb_U144  |convolution_mux_4bkb  |        0|      0|  0|  21|    0|
    +---------------------------+----------------------+---------+-------+---+----+-----+
    |Total                      |                      |        0|      0|  0|3024|    0|
    +---------------------------+----------------------+---------+-------+---+----+-----+

    * DSP48E: 
    N/A

    * Memory: 
    N/A

    * FIFO: 
    N/A

    * Expression: 
    +-----------------------------------+----------+-------+---+----+------------+------------+
    |           Variable Name           | Operation| DSP48E| FF| LUT| Bitwidth P0| Bitwidth P1|
    +-----------------------------------+----------+-------+---+----+------------+------------+
    |L_cho_fu_2165_p2                   |     +    |      0|  0|  12|           3|           1|
    |add_ln27_fu_4757_p2                |     +    |      0|  0|  15|           6|           8|
    |p_2_idx3_0_1_1_fu_4259_p2          |     +    |      0|  0|  15|           1|           8|
    |p_2_idx3_0_1_2_fu_4275_p2          |     +    |      0|  0|  15|           2|           8|
    |p_2_idx3_0_2_0_fu_4290_p2          |     +    |      0|  0|  15|           2|           8|
    |p_2_idx3_0_2_1_fu_4305_p2          |     +    |      0|  0|  15|           3|           8|
    |p_2_idx3_0_2_2_fu_4320_p2          |     +    |      0|  0|  15|           3|           8|
    |p_2_idx3_1_0_0_fu_4335_p2          |     +    |      0|  0|  15|           4|           8|
    |p_2_idx3_1_0_1_fu_4351_p2          |     +    |      0|  0|  15|           4|           8|
    |p_2_idx3_1_0_2_fu_4367_p2          |     +    |      0|  0|  15|           4|           8|
    |p_2_idx3_1_1_0_fu_4383_p2          |     +    |      0|  0|  15|           4|           8|
    |p_2_idx3_1_1_1_fu_4399_p2          |     +    |      0|  0|  15|           4|           8|
    |p_2_idx3_1_1_2_fu_4415_p2          |     +    |      0|  0|  15|           4|           8|
    |p_2_idx3_1_2_0_fu_4431_p2          |     +    |      0|  0|  15|           4|           8|
    |p_2_idx3_1_2_1_fu_4447_p2          |     +    |      0|  0|  15|           5|           8|
    |p_2_idx3_1_2_2_fu_4463_p2          |     +    |      0|  0|  15|           5|           8|
    |p_2_idx3_2_0_0_fu_4479_p2          |     +    |      0|  0|  15|           5|           8|
    |p_2_idx3_2_0_1_fu_4495_p2          |     +    |      0|  0|  15|           5|           8|
    |p_2_idx3_2_0_2_fu_4511_p2          |     +    |      0|  0|  15|           5|           8|
    |p_2_idx3_2_1_0_fu_4527_p2          |     +    |      0|  0|  15|           5|           8|
    |p_2_idx3_2_1_1_fu_4543_p2          |     +    |      0|  0|  15|           5|           8|
    |p_2_idx3_2_1_2_fu_4559_p2          |     +    |      0|  0|  15|           5|           8|
    |p_2_idx3_2_2_0_fu_4575_p2          |     +    |      0|  0|  15|           5|           8|
    |p_2_idx3_2_2_1_fu_4591_p2          |     +    |      0|  0|  15|           5|           8|
    |p_2_idx3_2_2_2_fu_4607_p2          |     +    |      0|  0|  15|           5|           8|
    |p_2_idx3_3_0_0_fu_4623_p2          |     +    |      0|  0|  15|           5|           8|
    |p_2_idx3_3_0_1_fu_4639_p2          |     +    |      0|  0|  15|           5|           8|
    |p_2_idx3_3_0_2_fu_4655_p2          |     +    |      0|  0|  15|           5|           8|
    |p_2_idx3_3_1_0_fu_4671_p2          |     +    |      0|  0|  15|           5|           8|
    |p_2_idx3_3_1_1_fu_4687_p2          |     +    |      0|  0|  15|           5|           8|
    |p_2_idx3_3_1_2_fu_4703_p2          |     +    |      0|  0|  15|           6|           8|
    |p_2_idx3_3_2_0_fu_4719_p2          |     +    |      0|  0|  15|           6|           8|
    |p_2_idx3_3_2_1_fu_4735_p2          |     +    |      0|  0|  15|           6|           8|
    |p_2_idx3_3_2_2_fu_4741_p2          |     +    |      0|  0|  15|           6|           8|
    |ap_block_pp0_stage0_11001          |    and   |      0|  0|   2|           1|           1|
    |ap_block_pp0_stage10_11001         |    and   |      0|  0|   2|           1|           1|
    |ap_block_pp0_stage11_11001         |    and   |      0|  0|   2|           1|           1|
    |ap_block_pp0_stage12_11001         |    and   |      0|  0|   2|           1|           1|
    |ap_block_pp0_stage13_11001         |    and   |      0|  0|   2|           1|           1|
    |ap_block_pp0_stage14_11001         |    and   |      0|  0|   2|           1|           1|
    |ap_block_pp0_stage15_11001         |    and   |      0|  0|   2|           1|           1|
    |ap_block_pp0_stage16_11001         |    and   |      0|  0|   2|           1|           1|
    |ap_block_pp0_stage17_11001         |    and   |      0|  0|   2|           1|           1|
    |ap_block_pp0_stage18_11001         |    and   |      0|  0|   2|           1|           1|
    |ap_block_pp0_stage19_11001         |    and   |      0|  0|   2|           1|           1|
    |ap_block_pp0_stage20_11001         |    and   |      0|  0|   2|           1|           1|
    |ap_block_pp0_stage21_11001         |    and   |      0|  0|   2|           1|           1|
    |ap_block_pp0_stage22_11001         |    and   |      0|  0|   2|           1|           1|
    |ap_block_pp0_stage23_11001         |    and   |      0|  0|   2|           1|           1|
    |ap_block_pp0_stage24_11001         |    and   |      0|  0|   2|           1|           1|
    |ap_block_pp0_stage25_11001         |    and   |      0|  0|   2|           1|           1|
    |ap_block_pp0_stage26_11001         |    and   |      0|  0|   2|           1|           1|
    |ap_block_pp0_stage27_11001         |    and   |      0|  0|   2|           1|           1|
    |ap_block_pp0_stage28_11001         |    and   |      0|  0|   2|           1|           1|
    |ap_block_pp0_stage29_11001         |    and   |      0|  0|   2|           1|           1|
    |ap_block_pp0_stage30_11001         |    and   |      0|  0|   2|           1|           1|
    |ap_block_pp0_stage31_11001         |    and   |      0|  0|   2|           1|           1|
    |ap_block_pp0_stage32_11001         |    and   |      0|  0|   2|           1|           1|
    |ap_block_pp0_stage33_11001         |    and   |      0|  0|   2|           1|           1|
    |ap_block_pp0_stage34_11001         |    and   |      0|  0|   2|           1|           1|
    |ap_block_pp0_stage35_11001         |    and   |      0|  0|   2|           1|           1|
    |ap_block_pp0_stage8_11001          |    and   |      0|  0|   2|           1|           1|
    |ap_block_pp0_stage9_11001          |    and   |      0|  0|   2|           1|           1|
    |ap_block_state10_io                |    and   |      0|  0|   2|           1|           1|
    |ap_block_state10_pp0_stage8_iter0  |    and   |      0|  0|   2|           1|           1|
    |ap_block_state39_pp0_stage1_iter1  |    and   |      0|  0|   2|           1|           1|
    |ap_condition_1712                  |    and   |      0|  0|   2|           1|           1|
    |ap_condition_1923                  |    and   |      0|  0|   2|           1|           1|
    |ap_condition_1925                  |    and   |      0|  0|   2|           1|           1|
    |ap_condition_1928                  |    and   |      0|  0|   2|           1|           1|
    |ap_condition_1931                  |    and   |      0|  0|   2|           1|           1|
    |ap_condition_1934                  |    and   |      0|  0|   2|           1|           1|
    |ap_condition_1937                  |    and   |      0|  0|   2|           1|           1|
    |ap_condition_1940                  |    and   |      0|  0|   2|           1|           1|
    |ap_condition_1944                  |    and   |      0|  0|   2|           1|           1|
    |ap_condition_1948                  |    and   |      0|  0|   2|           1|           1|
    |ap_condition_1953                  |    and   |      0|  0|   2|           1|           1|
    |ap_condition_1958                  |    and   |      0|  0|   2|           1|           1|
    |ap_condition_1963                  |    and   |      0|  0|   2|           1|           1|
    |ap_condition_1968                  |    and   |      0|  0|   2|           1|           1|
    |ap_condition_1973                  |    and   |      0|  0|   2|           1|           1|
    |ap_condition_1978                  |    and   |      0|  0|   2|           1|           1|
    |ap_condition_1983                  |    and   |      0|  0|   2|           1|           1|
    |ap_condition_1988                  |    and   |      0|  0|   2|           1|           1|
    |ap_condition_1993                  |    and   |      0|  0|   2|           1|           1|
    |ap_condition_1998                  |    and   |      0|  0|   2|           1|           1|
    |ap_condition_2003                  |    and   |      0|  0|   2|           1|           1|
    |ap_condition_2008                  |    and   |      0|  0|   2|           1|           1|
    |ap_condition_2013                  |    and   |      0|  0|   2|           1|           1|
    |ap_condition_2018                  |    and   |      0|  0|   2|           1|           1|
    |ap_condition_2023                  |    and   |      0|  0|   2|           1|           1|
    |ap_condition_2028                  |    and   |      0|  0|   2|           1|           1|
    |ap_condition_2033                  |    and   |      0|  0|   2|           1|           1|
    |ap_condition_2038                  |    and   |      0|  0|   2|           1|           1|
    |ap_condition_2043                  |    and   |      0|  0|   2|           1|           1|
    |ap_condition_2048                  |    and   |      0|  0|   2|           1|           1|
    |ap_condition_2053                  |    and   |      0|  0|   2|           1|           1|
    |ap_condition_2058                  |    and   |      0|  0|   2|           1|           1|
    |ap_condition_2063                  |    and   |      0|  0|   2|           1|           1|
    |ap_condition_2068                  |    and   |      0|  0|   2|           1|           1|
    |ap_condition_2073                  |    and   |      0|  0|   2|           1|           1|
    |ap_condition_2078                  |    and   |      0|  0|   2|           1|           1|
    |icmp_ln25_fu_2159_p2               |   icmp   |      0|  0|   9|           3|           4|
    |ap_block_pp0_stage1_11001          |    or    |      0|  0|   2|           1|           1|
    |ap_block_pp0_stage2_11001          |    or    |      0|  0|   2|           1|           1|
    |ap_block_pp0_stage3_11001          |    or    |      0|  0|   2|           1|           1|
    |ap_block_pp0_stage4_11001          |    or    |      0|  0|   2|           1|           1|
    |ap_block_pp0_stage5_11001          |    or    |      0|  0|   2|           1|           1|
    |ap_block_pp0_stage6_11001          |    or    |      0|  0|   2|           1|           1|
    |ap_block_pp0_stage7_11001          |    or    |      0|  0|   2|           1|           1|
    |empty_4_fu_4239_p2                 |    or    |      0|  0|   7|           7|           2|
    |p_2_idx3_0_0_15_fu_4206_p2         |    or    |      0|  0|   7|           7|           1|
    |p_2_idx3_0_0_26_fu_4223_p2         |    or    |      0|  0|   7|           7|           2|
    |ap_enable_pp0                      |    xor   |      0|  0|   2|           1|           2|
    +-----------------------------------+----------+-------+---+----+------------+------------+
    |Total                              |          |      0|  0| 689|         252|         351|
    +-----------------------------------+----------+-------+---+----+------------+------------+

    * Multiplexer: 
    +-------------------------------------------+-----+-----------+-----+-----------+
    |                    Name                   | LUT | Input Size| Bits| Total Bits|
    +-------------------------------------------+-----+-----------+-----+-----------+
    |L_cho_0_reg_2136                           |    9|          2|    3|          6|
    |W_ddr_blk_n_AR                             |    9|          2|    1|          2|
    |W_ddr_blk_n_R                              |    9|          2|    1|          2|
    |ap_NS_fsm                                  |  173|         39|    1|         39|
    |ap_enable_reg_pp0_iter1                    |    9|          2|    1|          2|
    |ap_phi_mux_L_cho_0_phi_fu_2140_p4          |    9|          2|    3|          6|
    |ap_phi_mux_p_0_idx_phi_fu_2151_p4          |    9|          2|    8|         16|
    |ap_phi_mux_write_flag102_0_phi_fu_886_p4   |    9|          2|    1|          2|
    |ap_phi_mux_write_flag105_0_phi_fu_897_p4   |    9|          2|    1|          2|
    |ap_phi_mux_write_flag108_0_phi_fu_919_p4   |    9|          2|    1|          2|
    |ap_phi_mux_write_flag111_0_phi_fu_930_p4   |    9|          2|    1|          2|
    |ap_phi_mux_write_flag114_0_phi_fu_952_p4   |    9|          2|    1|          2|
    |ap_phi_mux_write_flag117_0_phi_fu_963_p4   |    9|          2|    1|          2|
    |ap_phi_mux_write_flag120_0_phi_fu_985_p4   |    9|          2|    1|          2|
    |ap_phi_mux_write_flag123_0_phi_fu_996_p4   |    9|          2|    1|          2|
    |ap_phi_mux_write_flag126_0_phi_fu_1018_p4  |    9|          2|    1|          2|
    |ap_phi_mux_write_flag129_0_phi_fu_1392_p4  |    9|          2|    1|          2|
    |ap_phi_mux_write_flag12_0_phi_fu_567_p4    |    9|          2|    1|          2|
    |ap_phi_mux_write_flag132_0_phi_fu_1359_p4  |    9|          2|    1|          2|
    |ap_phi_mux_write_flag135_0_phi_fu_1326_p4  |    9|          2|    1|          2|
    |ap_phi_mux_write_flag138_0_phi_fu_1293_p4  |    9|          2|    1|          2|
    |ap_phi_mux_write_flag141_0_phi_fu_1260_p4  |    9|          2|    1|          2|
    |ap_phi_mux_write_flag144_0_phi_fu_1227_p4  |    9|          2|    1|          2|
    |ap_phi_mux_write_flag147_0_phi_fu_1194_p4  |    9|          2|    1|          2|
    |ap_phi_mux_write_flag150_0_phi_fu_1161_p4  |    9|          2|    1|          2|
    |ap_phi_mux_write_flag153_0_phi_fu_1128_p4  |    9|          2|    1|          2|
    |ap_phi_mux_write_flag156_0_phi_fu_1095_p4  |    9|          2|    1|          2|
    |ap_phi_mux_write_flag159_0_phi_fu_1062_p4  |    9|          2|    1|          2|
    |ap_phi_mux_write_flag15_0_phi_fu_589_p4    |    9|          2|    1|          2|
    |ap_phi_mux_write_flag162_0_phi_fu_1029_p4  |    9|          2|    1|          2|
    |ap_phi_mux_write_flag165_0_phi_fu_1040_p4  |    9|          2|    1|          2|
    |ap_phi_mux_write_flag168_0_phi_fu_1051_p4  |    9|          2|    1|          2|
    |ap_phi_mux_write_flag171_0_phi_fu_1073_p4  |    9|          2|    1|          2|
    |ap_phi_mux_write_flag174_0_phi_fu_1084_p4  |    9|          2|    1|          2|
    |ap_phi_mux_write_flag177_0_phi_fu_1106_p4  |    9|          2|    1|          2|
    |ap_phi_mux_write_flag180_0_phi_fu_1117_p4  |    9|          2|    1|          2|
    |ap_phi_mux_write_flag183_0_phi_fu_1139_p4  |    9|          2|    1|          2|
    |ap_phi_mux_write_flag186_0_phi_fu_1150_p4  |    9|          2|    1|          2|
    |ap_phi_mux_write_flag189_0_phi_fu_1172_p4  |    9|          2|    1|          2|
    |ap_phi_mux_write_flag18_0_phi_fu_600_p4    |    9|          2|    1|          2|
    |ap_phi_mux_write_flag192_0_phi_fu_1183_p4  |    9|          2|    1|          2|
    |ap_phi_mux_write_flag195_0_phi_fu_1205_p4  |    9|          2|    1|          2|
    |ap_phi_mux_write_flag198_0_phi_fu_1216_p4  |    9|          2|    1|          2|
    |ap_phi_mux_write_flag201_0_phi_fu_1238_p4  |    9|          2|    1|          2|
    |ap_phi_mux_write_flag204_0_phi_fu_1249_p4  |    9|          2|    1|          2|
    |ap_phi_mux_write_flag207_0_phi_fu_1271_p4  |    9|          2|    1|          2|
    |ap_phi_mux_write_flag210_0_phi_fu_1282_p4  |    9|          2|    1|          2|
    |ap_phi_mux_write_flag213_0_phi_fu_1304_p4  |    9|          2|    1|          2|
    |ap_phi_mux_write_flag216_0_phi_fu_1315_p4  |    9|          2|    1|          2|
    |ap_phi_mux_write_flag219_0_phi_fu_1337_p4  |    9|          2|    1|          2|
    |ap_phi_mux_write_flag21_0_phi_fu_622_p4    |    9|          2|    1|          2|
    |ap_phi_mux_write_flag222_0_phi_fu_1348_p4  |    9|          2|    1|          2|
    |ap_phi_mux_write_flag225_0_phi_fu_1370_p4  |    9|          2|    1|          2|
    |ap_phi_mux_write_flag228_0_phi_fu_1381_p4  |    9|          2|    1|          2|
    |ap_phi_mux_write_flag231_0_phi_fu_1744_p4  |    9|          2|    1|          2|
    |ap_phi_mux_write_flag234_0_phi_fu_1711_p4  |    9|          2|    1|          2|
    |ap_phi_mux_write_flag237_0_phi_fu_1678_p4  |    9|          2|    1|          2|
    |ap_phi_mux_write_flag240_0_phi_fu_1645_p4  |    9|          2|    1|          2|
    |ap_phi_mux_write_flag243_0_phi_fu_1612_p4  |    9|          2|    1|          2|
    |ap_phi_mux_write_flag246_0_phi_fu_1579_p4  |    9|          2|    1|          2|
    |ap_phi_mux_write_flag249_0_phi_fu_1546_p4  |    9|          2|    1|          2|
    |ap_phi_mux_write_flag24_0_phi_fu_633_p4    |    9|          2|    1|          2|
    |ap_phi_mux_write_flag252_0_phi_fu_1513_p4  |    9|          2|    1|          2|
    |ap_phi_mux_write_flag255_0_phi_fu_1480_p4  |    9|          2|    1|          2|
    |ap_phi_mux_write_flag258_0_phi_fu_1447_p4  |    9|          2|    1|          2|
    |ap_phi_mux_write_flag261_0_phi_fu_1414_p4  |    9|          2|    1|          2|
    |ap_phi_mux_write_flag264_0_phi_fu_1403_p4  |    9|          2|    1|          2|
    |ap_phi_mux_write_flag267_0_phi_fu_1425_p4  |    9|          2|    1|          2|
    |ap_phi_mux_write_flag270_0_phi_fu_1436_p4  |    9|          2|    1|          2|
    |ap_phi_mux_write_flag273_0_phi_fu_1458_p4  |    9|          2|    1|          2|
    |ap_phi_mux_write_flag276_0_phi_fu_1469_p4  |    9|          2|    1|          2|
    |ap_phi_mux_write_flag279_0_phi_fu_1491_p4  |    9|          2|    1|          2|
    |ap_phi_mux_write_flag27_0_phi_fu_655_p4    |    9|          2|    1|          2|
    |ap_phi_mux_write_flag282_0_phi_fu_1502_p4  |    9|          2|    1|          2|
    |ap_phi_mux_write_flag285_0_phi_fu_1524_p4  |    9|          2|    1|          2|
    |ap_phi_mux_write_flag288_0_phi_fu_1535_p4  |    9|          2|    1|          2|
    |ap_phi_mux_write_flag291_0_phi_fu_1557_p4  |    9|          2|    1|          2|
    |ap_phi_mux_write_flag294_0_phi_fu_1568_p4  |    9|          2|    1|          2|
    |ap_phi_mux_write_flag297_0_phi_fu_1590_p4  |    9|          2|    1|          2|
    |ap_phi_mux_write_flag300_0_phi_fu_1601_p4  |    9|          2|    1|          2|
    |ap_phi_mux_write_flag303_0_phi_fu_1623_p4  |    9|          2|    1|          2|
    |ap_phi_mux_write_flag306_0_phi_fu_1634_p4  |    9|          2|    1|          2|
    |ap_phi_mux_write_flag309_0_phi_fu_1656_p4  |    9|          2|    1|          2|
    |ap_phi_mux_write_flag30_0_phi_fu_1007_p4   |    9|          2|    1|          2|
    |ap_phi_mux_write_flag312_0_phi_fu_1667_p4  |    9|          2|    1|          2|
    |ap_phi_mux_write_flag315_0_phi_fu_1689_p4  |    9|          2|    1|          2|
    |ap_phi_mux_write_flag318_0_phi_fu_1700_p4  |    9|          2|    1|          2|
    |ap_phi_mux_write_flag321_0_phi_fu_1722_p4  |    9|          2|    1|          2|
    |ap_phi_mux_write_flag324_0_phi_fu_1733_p4  |    9|          2|    1|          2|
    |ap_phi_mux_write_flag327_0_phi_fu_1755_p4  |    9|          2|    1|          2|
    |ap_phi_mux_write_flag330_0_phi_fu_1766_p4  |    9|          2|    1|          2|
    |ap_phi_mux_write_flag333_0_phi_fu_2118_p4  |    9|          2|    1|          2|
    |ap_phi_mux_write_flag336_0_phi_fu_2085_p4  |    9|          2|    1|          2|
    |ap_phi_mux_write_flag339_0_phi_fu_2052_p4  |    9|          2|    1|          2|
    |ap_phi_mux_write_flag33_0_phi_fu_974_p4    |    9|          2|    1|          2|
    |ap_phi_mux_write_flag342_0_phi_fu_2019_p4  |    9|          2|    1|          2|
    |ap_phi_mux_write_flag345_0_phi_fu_1986_p4  |    9|          2|    1|          2|
    |ap_phi_mux_write_flag348_0_phi_fu_1953_p4  |    9|          2|    1|          2|
    |ap_phi_mux_write_flag351_0_phi_fu_1920_p4  |    9|          2|    1|          2|
    |ap_phi_mux_write_flag354_0_phi_fu_1887_p4  |    9|          2|    1|          2|
    |ap_phi_mux_write_flag357_0_phi_fu_1854_p4  |    9|          2|    1|          2|
    |ap_phi_mux_write_flag360_0_phi_fu_1821_p4  |    9|          2|    1|          2|
    |ap_phi_mux_write_flag363_0_phi_fu_1788_p4  |    9|          2|    1|          2|
    |ap_phi_mux_write_flag366_0_phi_fu_1777_p4  |    9|          2|    1|          2|
    |ap_phi_mux_write_flag369_0_phi_fu_1799_p4  |    9|          2|    1|          2|
    |ap_phi_mux_write_flag36_0_phi_fu_941_p4    |    9|          2|    1|          2|
    |ap_phi_mux_write_flag372_0_phi_fu_1810_p4  |    9|          2|    1|          2|
    |ap_phi_mux_write_flag375_0_phi_fu_1832_p4  |    9|          2|    1|          2|
    |ap_phi_mux_write_flag378_0_phi_fu_1843_p4  |    9|          2|    1|          2|
    |ap_phi_mux_write_flag381_0_phi_fu_1865_p4  |    9|          2|    1|          2|
    |ap_phi_mux_write_flag384_0_phi_fu_1876_p4  |    9|          2|    1|          2|
    |ap_phi_mux_write_flag387_0_phi_fu_1898_p4  |    9|          2|    1|          2|
    |ap_phi_mux_write_flag390_0_phi_fu_1909_p4  |    9|          2|    1|          2|
    |ap_phi_mux_write_flag393_0_phi_fu_1931_p4  |    9|          2|    1|          2|
    |ap_phi_mux_write_flag396_0_phi_fu_1942_p4  |    9|          2|    1|          2|
    |ap_phi_mux_write_flag399_0_phi_fu_1964_p4  |    9|          2|    1|          2|
    |ap_phi_mux_write_flag39_0_phi_fu_908_p4    |    9|          2|    1|          2|
    |ap_phi_mux_write_flag3_0_phi_fu_611_p4     |    9|          2|    1|          2|
    |ap_phi_mux_write_flag402_0_phi_fu_1975_p4  |    9|          2|    1|          2|
    |ap_phi_mux_write_flag405_0_phi_fu_1997_p4  |    9|          2|    1|          2|
    |ap_phi_mux_write_flag408_0_phi_fu_2008_p4  |    9|          2|    1|          2|
    |ap_phi_mux_write_flag411_0_phi_fu_2030_p4  |    9|          2|    1|          2|
    |ap_phi_mux_write_flag414_0_phi_fu_2041_p4  |    9|          2|    1|          2|
    |ap_phi_mux_write_flag417_0_phi_fu_2063_p4  |    9|          2|    1|          2|
    |ap_phi_mux_write_flag420_0_phi_fu_2074_p4  |    9|          2|    1|          2|
    |ap_phi_mux_write_flag423_0_phi_fu_2096_p4  |    9|          2|    1|          2|
    |ap_phi_mux_write_flag426_0_phi_fu_2107_p4  |    9|          2|    1|          2|
    |ap_phi_mux_write_flag429_0_phi_fu_2129_p4  |    9|          2|    1|          2|
    |ap_phi_mux_write_flag42_0_phi_fu_875_p4    |    9|          2|    1|          2|
    |ap_phi_mux_write_flag45_0_phi_fu_842_p4    |    9|          2|    1|          2|
    |ap_phi_mux_write_flag48_0_phi_fu_809_p4    |    9|          2|    1|          2|
    |ap_phi_mux_write_flag51_0_phi_fu_776_p4    |    9|          2|    1|          2|
    |ap_phi_mux_write_flag54_0_phi_fu_743_p4    |    9|          2|    1|          2|
    |ap_phi_mux_write_flag57_0_phi_fu_710_p4    |    9|          2|    1|          2|
    |ap_phi_mux_write_flag60_0_phi_fu_677_p4    |    9|          2|    1|          2|
    |ap_phi_mux_write_flag63_0_phi_fu_666_p4    |    9|          2|    1|          2|
    |ap_phi_mux_write_flag66_0_phi_fu_688_p4    |    9|          2|    1|          2|
    |ap_phi_mux_write_flag69_0_phi_fu_699_p4    |    9|          2|    1|          2|
    |ap_phi_mux_write_flag6_0_phi_fu_578_p4     |    9|          2|    1|          2|
    |ap_phi_mux_write_flag72_0_phi_fu_721_p4    |    9|          2|    1|          2|
    |ap_phi_mux_write_flag75_0_phi_fu_732_p4    |    9|          2|    1|          2|
    |ap_phi_mux_write_flag78_0_phi_fu_754_p4    |    9|          2|    1|          2|
    |ap_phi_mux_write_flag81_0_phi_fu_765_p4    |    9|          2|    1|          2|
    |ap_phi_mux_write_flag84_0_phi_fu_787_p4    |    9|          2|    1|          2|
    |ap_phi_mux_write_flag87_0_phi_fu_798_p4    |    9|          2|    1|          2|
    |ap_phi_mux_write_flag90_0_phi_fu_820_p4    |    9|          2|    1|          2|
    |ap_phi_mux_write_flag93_0_phi_fu_831_p4    |    9|          2|    1|          2|
    |ap_phi_mux_write_flag96_0_phi_fu_853_p4    |    9|          2|    1|          2|
    |ap_phi_mux_write_flag99_0_phi_fu_864_p4    |    9|          2|    1|          2|
    |ap_phi_mux_write_flag9_0_phi_fu_556_p4     |    9|          2|    1|          2|
    |ap_phi_mux_write_flag_0_phi_fu_644_p4      |    9|          2|    1|          2|
    |m_axi_W_ddr_ARADDR                         |  165|         37|   32|       1184|
    |p_0_idx_reg_2147                           |    9|          2|    8|         16|
    |write_flag102_0_reg_882                    |    9|          2|    1|          2|
    |write_flag105_0_reg_893                    |    9|          2|    1|          2|
    |write_flag108_0_reg_915                    |    9|          2|    1|          2|
    |write_flag111_0_reg_926                    |    9|          2|    1|          2|
    |write_flag114_0_reg_948                    |    9|          2|    1|          2|
    |write_flag117_0_reg_959                    |    9|          2|    1|          2|
    |write_flag120_0_reg_981                    |    9|          2|    1|          2|
    |write_flag123_0_reg_992                    |    9|          2|    1|          2|
    |write_flag126_0_reg_1014                   |    9|          2|    1|          2|
    |write_flag129_0_reg_1388                   |    9|          2|    1|          2|
    |write_flag12_0_reg_563                     |    9|          2|    1|          2|
    |write_flag132_0_reg_1355                   |    9|          2|    1|          2|
    |write_flag135_0_reg_1322                   |    9|          2|    1|          2|
    |write_flag138_0_reg_1289                   |    9|          2|    1|          2|
    |write_flag141_0_reg_1256                   |    9|          2|    1|          2|
    |write_flag144_0_reg_1223                   |    9|          2|    1|          2|
    |write_flag147_0_reg_1190                   |    9|          2|    1|          2|
    |write_flag150_0_reg_1157                   |    9|          2|    1|          2|
    |write_flag153_0_reg_1124                   |    9|          2|    1|          2|
    |write_flag156_0_reg_1091                   |    9|          2|    1|          2|
    |write_flag159_0_reg_1058                   |    9|          2|    1|          2|
    |write_flag15_0_reg_585                     |    9|          2|    1|          2|
    |write_flag162_0_reg_1025                   |    9|          2|    1|          2|
    |write_flag165_0_reg_1036                   |    9|          2|    1|          2|
    |write_flag168_0_reg_1047                   |    9|          2|    1|          2|
    |write_flag171_0_reg_1069                   |    9|          2|    1|          2|
    |write_flag174_0_reg_1080                   |    9|          2|    1|          2|
    |write_flag177_0_reg_1102                   |    9|          2|    1|          2|
    |write_flag180_0_reg_1113                   |    9|          2|    1|          2|
    |write_flag183_0_reg_1135                   |    9|          2|    1|          2|
    |write_flag186_0_reg_1146                   |    9|          2|    1|          2|
    |write_flag189_0_reg_1168                   |    9|          2|    1|          2|
    |write_flag18_0_reg_596                     |    9|          2|    1|          2|
    |write_flag192_0_reg_1179                   |    9|          2|    1|          2|
    |write_flag195_0_reg_1201                   |    9|          2|    1|          2|
    |write_flag198_0_reg_1212                   |    9|          2|    1|          2|
    |write_flag201_0_reg_1234                   |    9|          2|    1|          2|
    |write_flag204_0_reg_1245                   |    9|          2|    1|          2|
    |write_flag207_0_reg_1267                   |    9|          2|    1|          2|
    |write_flag210_0_reg_1278                   |    9|          2|    1|          2|
    |write_flag213_0_reg_1300                   |    9|          2|    1|          2|
    |write_flag216_0_reg_1311                   |    9|          2|    1|          2|
    |write_flag219_0_reg_1333                   |    9|          2|    1|          2|
    |write_flag21_0_reg_618                     |    9|          2|    1|          2|
    |write_flag222_0_reg_1344                   |    9|          2|    1|          2|
    |write_flag225_0_reg_1366                   |    9|          2|    1|          2|
    |write_flag228_0_reg_1377                   |    9|          2|    1|          2|
    |write_flag231_0_reg_1740                   |    9|          2|    1|          2|
    |write_flag234_0_reg_1707                   |    9|          2|    1|          2|
    |write_flag237_0_reg_1674                   |    9|          2|    1|          2|
    |write_flag240_0_reg_1641                   |    9|          2|    1|          2|
    |write_flag243_0_reg_1608                   |    9|          2|    1|          2|
    |write_flag246_0_reg_1575                   |    9|          2|    1|          2|
    |write_flag249_0_reg_1542                   |    9|          2|    1|          2|
    |write_flag24_0_reg_629                     |    9|          2|    1|          2|
    |write_flag252_0_reg_1509                   |    9|          2|    1|          2|
    |write_flag255_0_reg_1476                   |    9|          2|    1|          2|
    |write_flag258_0_reg_1443                   |    9|          2|    1|          2|
    |write_flag261_0_reg_1410                   |    9|          2|    1|          2|
    |write_flag264_0_reg_1399                   |    9|          2|    1|          2|
    |write_flag267_0_reg_1421                   |    9|          2|    1|          2|
    |write_flag270_0_reg_1432                   |    9|          2|    1|          2|
    |write_flag273_0_reg_1454                   |    9|          2|    1|          2|
    |write_flag276_0_reg_1465                   |    9|          2|    1|          2|
    |write_flag279_0_reg_1487                   |    9|          2|    1|          2|
    |write_flag27_0_reg_651                     |    9|          2|    1|          2|
    |write_flag282_0_reg_1498                   |    9|          2|    1|          2|
    |write_flag285_0_reg_1520                   |    9|          2|    1|          2|
    |write_flag288_0_reg_1531                   |    9|          2|    1|          2|
    |write_flag291_0_reg_1553                   |    9|          2|    1|          2|
    |write_flag294_0_reg_1564                   |    9|          2|    1|          2|
    |write_flag297_0_reg_1586                   |    9|          2|    1|          2|
    |write_flag300_0_reg_1597                   |    9|          2|    1|          2|
    |write_flag303_0_reg_1619                   |    9|          2|    1|          2|
    |write_flag306_0_reg_1630                   |    9|          2|    1|          2|
    |write_flag309_0_reg_1652                   |    9|          2|    1|          2|
    |write_flag30_0_reg_1003                    |    9|          2|    1|          2|
    |write_flag312_0_reg_1663                   |    9|          2|    1|          2|
    |write_flag315_0_reg_1685                   |    9|          2|    1|          2|
    |write_flag318_0_reg_1696                   |    9|          2|    1|          2|
    |write_flag321_0_reg_1718                   |    9|          2|    1|          2|
    |write_flag324_0_reg_1729                   |    9|          2|    1|          2|
    |write_flag327_0_reg_1751                   |    9|          2|    1|          2|
    |write_flag330_0_reg_1762                   |    9|          2|    1|          2|
    |write_flag333_0_reg_2114                   |    9|          2|    1|          2|
    |write_flag336_0_reg_2081                   |    9|          2|    1|          2|
    |write_flag339_0_reg_2048                   |    9|          2|    1|          2|
    |write_flag33_0_reg_970                     |    9|          2|    1|          2|
    |write_flag342_0_reg_2015                   |    9|          2|    1|          2|
    |write_flag345_0_reg_1982                   |    9|          2|    1|          2|
    |write_flag348_0_reg_1949                   |    9|          2|    1|          2|
    |write_flag351_0_reg_1916                   |    9|          2|    1|          2|
    |write_flag354_0_reg_1883                   |    9|          2|    1|          2|
    |write_flag357_0_reg_1850                   |    9|          2|    1|          2|
    |write_flag360_0_reg_1817                   |    9|          2|    1|          2|
    |write_flag363_0_reg_1784                   |    9|          2|    1|          2|
    |write_flag366_0_reg_1773                   |    9|          2|    1|          2|
    |write_flag369_0_reg_1795                   |    9|          2|    1|          2|
    |write_flag36_0_reg_937                     |    9|          2|    1|          2|
    |write_flag372_0_reg_1806                   |    9|          2|    1|          2|
    |write_flag375_0_reg_1828                   |    9|          2|    1|          2|
    |write_flag378_0_reg_1839                   |    9|          2|    1|          2|
    |write_flag381_0_reg_1861                   |    9|          2|    1|          2|
    |write_flag384_0_reg_1872                   |    9|          2|    1|          2|
    |write_flag387_0_reg_1894                   |    9|          2|    1|          2|
    |write_flag390_0_reg_1905                   |    9|          2|    1|          2|
    |write_flag393_0_reg_1927                   |    9|          2|    1|          2|
    |write_flag396_0_reg_1938                   |    9|          2|    1|          2|
    |write_flag399_0_reg_1960                   |    9|          2|    1|          2|
    |write_flag39_0_reg_904                     |    9|          2|    1|          2|
    |write_flag3_0_reg_607                      |    9|          2|    1|          2|
    |write_flag402_0_reg_1971                   |    9|          2|    1|          2|
    |write_flag405_0_reg_1993                   |    9|          2|    1|          2|
    |write_flag408_0_reg_2004                   |    9|          2|    1|          2|
    |write_flag411_0_reg_2026                   |    9|          2|    1|          2|
    |write_flag414_0_reg_2037                   |    9|          2|    1|          2|
    |write_flag417_0_reg_2059                   |    9|          2|    1|          2|
    |write_flag420_0_reg_2070                   |    9|          2|    1|          2|
    |write_flag423_0_reg_2092                   |    9|          2|    1|          2|
    |write_flag426_0_reg_2103                   |    9|          2|    1|          2|
    |write_flag429_0_reg_2125                   |    9|          2|    1|          2|
    |write_flag42_0_reg_871                     |    9|          2|    1|          2|
    |write_flag45_0_reg_838                     |    9|          2|    1|          2|
    |write_flag48_0_reg_805                     |    9|          2|    1|          2|
    |write_flag51_0_reg_772                     |    9|          2|    1|          2|
    |write_flag54_0_reg_739                     |    9|          2|    1|          2|
    |write_flag57_0_reg_706                     |    9|          2|    1|          2|
    |write_flag60_0_reg_673                     |    9|          2|    1|          2|
    |write_flag63_0_reg_662                     |    9|          2|    1|          2|
    |write_flag66_0_reg_684                     |    9|          2|    1|          2|
    |write_flag69_0_reg_695                     |    9|          2|    1|          2|
    |write_flag6_0_reg_574                      |    9|          2|    1|          2|
    |write_flag72_0_reg_717                     |    9|          2|    1|          2|
    |write_flag75_0_reg_728                     |    9|          2|    1|          2|
    |write_flag78_0_reg_750                     |    9|          2|    1|          2|
    |write_flag81_0_reg_761                     |    9|          2|    1|          2|
    |write_flag84_0_reg_783                     |    9|          2|    1|          2|
    |write_flag87_0_reg_794                     |    9|          2|    1|          2|
    |write_flag90_0_reg_816                     |    9|          2|    1|          2|
    |write_flag93_0_reg_827                     |    9|          2|    1|          2|
    |write_flag96_0_reg_849                     |    9|          2|    1|          2|
    |write_flag99_0_reg_860                     |    9|          2|    1|          2|
    |write_flag9_0_reg_552                      |    9|          2|    1|          2|
    |write_flag_0_reg_640                       |    9|          2|    1|          2|
    +-------------------------------------------+-----+-----------+-----+-----------+
    |Total                                      | 2993|        666|  346|       1849|
    +-------------------------------------------+-----+-----------+-----+-----------+

    * Register: 
    +----------------------------------+----+----+-----+-----------+
    |               Name               | FF | LUT| Bits| Const Bits|
    +----------------------------------+----+----+-----+-----------+
    |L_cho_0_reg_2136                  |   3|   0|    3|          0|
    |L_cho_reg_4777                    |   3|   0|    3|          0|
    |add_ln27_reg_5886                 |   8|   0|    8|          0|
    |ap_CS_fsm                         |  38|   0|   38|          0|
    |ap_enable_reg_pp0_iter0           |   1|   0|    1|          0|
    |ap_enable_reg_pp0_iter1           |   1|   0|    1|          0|
    |icmp_ln25_reg_4773                |   1|   0|    1|          0|
    |icmp_ln25_reg_4773_pp0_iter1_reg  |   1|   0|    1|          0|
    |p_0_idx_reg_2147                  |   8|   0|    8|          0|
    |p_2_idx3_0_1_1_reg_5540           |   6|   0|    8|          2|
    |p_2_idx3_0_1_2_reg_5551           |   6|   0|    8|          2|
    |p_2_idx3_0_2_0_reg_5562           |   6|   0|    8|          2|
    |p_2_idx3_0_2_1_reg_5573           |   6|   0|    8|          2|
    |p_2_idx3_0_2_2_reg_5584           |   6|   0|    8|          2|
    |p_2_idx3_1_0_0_reg_5595           |   8|   0|    8|          0|
    |p_2_idx3_1_0_1_reg_5606           |   8|   0|    8|          0|
    |p_2_idx3_1_0_2_reg_5617           |   8|   0|    8|          0|
    |p_2_idx3_1_1_0_reg_5628           |   8|   0|    8|          0|
    |p_2_idx3_1_1_1_reg_5639           |   8|   0|    8|          0|
    |p_2_idx3_1_1_2_reg_5650           |   8|   0|    8|          0|
    |p_2_idx3_1_2_0_reg_5661           |   8|   0|    8|          0|
    |p_2_idx3_1_2_1_reg_5672           |   8|   0|    8|          0|
    |p_2_idx3_1_2_2_reg_5683           |   8|   0|    8|          0|
    |p_2_idx3_2_0_0_reg_5694           |   8|   0|    8|          0|
    |p_2_idx3_2_0_1_reg_5705           |   8|   0|    8|          0|
    |p_2_idx3_2_0_2_reg_5716           |   8|   0|    8|          0|
    |p_2_idx3_2_1_0_reg_5727           |   8|   0|    8|          0|
    |p_2_idx3_2_1_1_reg_5738           |   8|   0|    8|          0|
    |p_2_idx3_2_1_2_reg_5749           |   8|   0|    8|          0|
    |p_2_idx3_2_2_0_reg_5760           |   8|   0|    8|          0|
    |p_2_idx3_2_2_1_reg_5771           |   8|   0|    8|          0|
    |p_2_idx3_2_2_2_reg_5782           |   8|   0|    8|          0|
    |p_2_idx3_3_0_0_reg_5793           |   8|   0|    8|          0|
    |p_2_idx3_3_0_1_reg_5804           |   8|   0|    8|          0|
    |p_2_idx3_3_0_2_reg_5815           |   8|   0|    8|          0|
    |p_2_idx3_3_1_0_reg_5826           |   8|   0|    8|          0|
    |p_2_idx3_3_1_1_reg_5837           |   8|   0|    8|          0|
    |p_2_idx3_3_1_2_reg_5848           |   8|   0|    8|          0|
    |p_2_idx3_3_2_0_reg_5859           |   8|   0|    8|          0|
    |p_2_idx3_3_2_1_reg_5870           |   8|   0|    8|          0|
    |p_2_idx3_3_2_2_reg_5875           |   8|   0|    8|          0|
    |p_cast288_reg_5526                |   5|   0|    8|          3|
    |trunc_ln25_reg_5508               |   7|   0|    7|          0|
    |write_flag102_0_reg_882           |   1|   0|    1|          0|
    |write_flag102_1_reg_5347          |   1|   0|    1|          0|
    |write_flag105_0_reg_893           |   1|   0|    1|          0|
    |write_flag105_1_reg_5342          |   1|   0|    1|          0|
    |write_flag108_0_reg_915           |   1|   0|    1|          0|
    |write_flag108_1_reg_5332          |   1|   0|    1|          0|
    |write_flag111_0_reg_926           |   1|   0|    1|          0|
    |write_flag111_1_reg_5327          |   1|   0|    1|          0|
    |write_flag114_0_reg_948           |   1|   0|    1|          0|
    |write_flag114_1_reg_5317          |   1|   0|    1|          0|
    |write_flag117_0_reg_959           |   1|   0|    1|          0|
    |write_flag117_1_reg_5312          |   1|   0|    1|          0|
    |write_flag120_0_reg_981           |   1|   0|    1|          0|
    |write_flag120_1_reg_5302          |   1|   0|    1|          0|
    |write_flag123_0_reg_992           |   1|   0|    1|          0|
    |write_flag123_1_reg_5297          |   1|   0|    1|          0|
    |write_flag126_0_reg_1014          |   1|   0|    1|          0|
    |write_flag126_1_reg_5287          |   1|   0|    1|          0|
    |write_flag129_0_reg_1388          |   1|   0|    1|          0|
    |write_flag129_1_reg_5117          |   1|   0|    1|          0|
    |write_flag12_0_reg_563            |   1|   0|    1|          0|
    |write_flag12_1_reg_5492           |   1|   0|    1|          0|
    |write_flag132_0_reg_1355          |   1|   0|    1|          0|
    |write_flag132_1_reg_5132          |   1|   0|    1|          0|
    |write_flag135_0_reg_1322          |   1|   0|    1|          0|
    |write_flag135_1_reg_5147          |   1|   0|    1|          0|
    |write_flag138_0_reg_1289          |   1|   0|    1|          0|
    |write_flag138_1_reg_5162          |   1|   0|    1|          0|
    |write_flag141_0_reg_1256          |   1|   0|    1|          0|
    |write_flag141_1_reg_5177          |   1|   0|    1|          0|
    |write_flag144_0_reg_1223          |   1|   0|    1|          0|
    |write_flag144_1_reg_5192          |   1|   0|    1|          0|
    |write_flag147_0_reg_1190          |   1|   0|    1|          0|
    |write_flag147_1_reg_5207          |   1|   0|    1|          0|
    |write_flag150_0_reg_1157          |   1|   0|    1|          0|
    |write_flag150_1_reg_5222          |   1|   0|    1|          0|
    |write_flag153_0_reg_1124          |   1|   0|    1|          0|
    |write_flag153_1_reg_5237          |   1|   0|    1|          0|
    |write_flag156_0_reg_1091          |   1|   0|    1|          0|
    |write_flag156_1_reg_5252          |   1|   0|    1|          0|
    |write_flag159_0_reg_1058          |   1|   0|    1|          0|
    |write_flag159_1_reg_5267          |   1|   0|    1|          0|
    |write_flag15_0_reg_585            |   1|   0|    1|          0|
    |write_flag15_1_reg_5482           |   1|   0|    1|          0|
    |write_flag162_0_reg_1025          |   1|   0|    1|          0|
    |write_flag162_1_reg_5282          |   1|   0|    1|          0|
    |write_flag165_0_reg_1036          |   1|   0|    1|          0|
    |write_flag165_1_reg_5277          |   1|   0|    1|          0|
    |write_flag168_0_reg_1047          |   1|   0|    1|          0|
    |write_flag168_1_reg_5272          |   1|   0|    1|          0|
    |write_flag171_0_reg_1069          |   1|   0|    1|          0|
    |write_flag171_1_reg_5262          |   1|   0|    1|          0|
    |write_flag174_0_reg_1080          |   1|   0|    1|          0|
    |write_flag174_1_reg_5257          |   1|   0|    1|          0|
    |write_flag177_0_reg_1102          |   1|   0|    1|          0|
    |write_flag177_1_reg_5247          |   1|   0|    1|          0|
    |write_flag180_0_reg_1113          |   1|   0|    1|          0|
    |write_flag180_1_reg_5242          |   1|   0|    1|          0|
    |write_flag183_0_reg_1135          |   1|   0|    1|          0|
    |write_flag183_1_reg_5232          |   1|   0|    1|          0|
    |write_flag186_0_reg_1146          |   1|   0|    1|          0|
    |write_flag186_1_reg_5227          |   1|   0|    1|          0|
    |write_flag189_0_reg_1168          |   1|   0|    1|          0|
    |write_flag189_1_reg_5217          |   1|   0|    1|          0|
    |write_flag18_0_reg_596            |   1|   0|    1|          0|
    |write_flag18_1_reg_5477           |   1|   0|    1|          0|
    |write_flag192_0_reg_1179          |   1|   0|    1|          0|
    |write_flag192_1_reg_5212          |   1|   0|    1|          0|
    |write_flag195_0_reg_1201          |   1|   0|    1|          0|
    |write_flag195_1_reg_5202          |   1|   0|    1|          0|
    |write_flag198_0_reg_1212          |   1|   0|    1|          0|
    |write_flag198_1_reg_5197          |   1|   0|    1|          0|
    |write_flag201_0_reg_1234          |   1|   0|    1|          0|
    |write_flag201_1_reg_5187          |   1|   0|    1|          0|
    |write_flag204_0_reg_1245          |   1|   0|    1|          0|
    |write_flag204_1_reg_5182          |   1|   0|    1|          0|
    |write_flag207_0_reg_1267          |   1|   0|    1|          0|
    |write_flag207_1_reg_5172          |   1|   0|    1|          0|
    |write_flag210_0_reg_1278          |   1|   0|    1|          0|
    |write_flag210_1_reg_5167          |   1|   0|    1|          0|
    |write_flag213_0_reg_1300          |   1|   0|    1|          0|
    |write_flag213_1_reg_5157          |   1|   0|    1|          0|
    |write_flag216_0_reg_1311          |   1|   0|    1|          0|
    |write_flag216_1_reg_5152          |   1|   0|    1|          0|
    |write_flag219_0_reg_1333          |   1|   0|    1|          0|
    |write_flag219_1_reg_5142          |   1|   0|    1|          0|
    |write_flag21_0_reg_618            |   1|   0|    1|          0|
    |write_flag21_1_reg_5467           |   1|   0|    1|          0|
    |write_flag222_0_reg_1344          |   1|   0|    1|          0|
    |write_flag222_1_reg_5137          |   1|   0|    1|          0|
    |write_flag225_0_reg_1366          |   1|   0|    1|          0|
    |write_flag225_1_reg_5127          |   1|   0|    1|          0|
    |write_flag228_0_reg_1377          |   1|   0|    1|          0|
    |write_flag228_1_reg_5122          |   1|   0|    1|          0|
    |write_flag231_0_reg_1740          |   1|   0|    1|          0|
    |write_flag231_1_reg_4957          |   1|   0|    1|          0|
    |write_flag234_0_reg_1707          |   1|   0|    1|          0|
    |write_flag234_1_reg_4972          |   1|   0|    1|          0|
    |write_flag237_0_reg_1674          |   1|   0|    1|          0|
    |write_flag237_1_reg_4987          |   1|   0|    1|          0|
    |write_flag240_0_reg_1641          |   1|   0|    1|          0|
    |write_flag240_1_reg_5002          |   1|   0|    1|          0|
    |write_flag243_0_reg_1608          |   1|   0|    1|          0|
    |write_flag243_1_reg_5017          |   1|   0|    1|          0|
    |write_flag246_0_reg_1575          |   1|   0|    1|          0|
    |write_flag246_1_reg_5032          |   1|   0|    1|          0|
    |write_flag249_0_reg_1542          |   1|   0|    1|          0|
    |write_flag249_1_reg_5047          |   1|   0|    1|          0|
    |write_flag24_0_reg_629            |   1|   0|    1|          0|
    |write_flag24_1_reg_5462           |   1|   0|    1|          0|
    |write_flag252_0_reg_1509          |   1|   0|    1|          0|
    |write_flag252_1_reg_5062          |   1|   0|    1|          0|
    |write_flag255_0_reg_1476          |   1|   0|    1|          0|
    |write_flag255_1_reg_5077          |   1|   0|    1|          0|
    |write_flag258_0_reg_1443          |   1|   0|    1|          0|
    |write_flag258_1_reg_5092          |   1|   0|    1|          0|
    |write_flag261_0_reg_1410          |   1|   0|    1|          0|
    |write_flag261_1_reg_5107          |   1|   0|    1|          0|
    |write_flag264_0_reg_1399          |   1|   0|    1|          0|
    |write_flag264_1_reg_5112          |   1|   0|    1|          0|
    |write_flag267_0_reg_1421          |   1|   0|    1|          0|
    |write_flag267_1_reg_5102          |   1|   0|    1|          0|
    |write_flag270_0_reg_1432          |   1|   0|    1|          0|
    |write_flag270_1_reg_5097          |   1|   0|    1|          0|
    |write_flag273_0_reg_1454          |   1|   0|    1|          0|
    |write_flag273_1_reg_5087          |   1|   0|    1|          0|
    |write_flag276_0_reg_1465          |   1|   0|    1|          0|
    |write_flag276_1_reg_5082          |   1|   0|    1|          0|
    |write_flag279_0_reg_1487          |   1|   0|    1|          0|
    |write_flag279_1_reg_5072          |   1|   0|    1|          0|
    |write_flag27_0_reg_651            |   1|   0|    1|          0|
    |write_flag27_1_reg_5452           |   1|   0|    1|          0|
    |write_flag282_0_reg_1498          |   1|   0|    1|          0|
    |write_flag282_1_reg_5067          |   1|   0|    1|          0|
    |write_flag285_0_reg_1520          |   1|   0|    1|          0|
    |write_flag285_1_reg_5057          |   1|   0|    1|          0|
    |write_flag288_0_reg_1531          |   1|   0|    1|          0|
    |write_flag288_1_reg_5052          |   1|   0|    1|          0|
    |write_flag291_0_reg_1553          |   1|   0|    1|          0|
    |write_flag291_1_reg_5042          |   1|   0|    1|          0|
    |write_flag294_0_reg_1564          |   1|   0|    1|          0|
    |write_flag294_1_reg_5037          |   1|   0|    1|          0|
    |write_flag297_0_reg_1586          |   1|   0|    1|          0|
    |write_flag297_1_reg_5027          |   1|   0|    1|          0|
    |write_flag300_0_reg_1597          |   1|   0|    1|          0|
    |write_flag300_1_reg_5022          |   1|   0|    1|          0|
    |write_flag303_0_reg_1619          |   1|   0|    1|          0|
    |write_flag303_1_reg_5012          |   1|   0|    1|          0|
    |write_flag306_0_reg_1630          |   1|   0|    1|          0|
    |write_flag306_1_reg_5007          |   1|   0|    1|          0|
    |write_flag309_0_reg_1652          |   1|   0|    1|          0|
    |write_flag309_1_reg_4997          |   1|   0|    1|          0|
    |write_flag30_0_reg_1003           |   1|   0|    1|          0|
    |write_flag30_1_reg_5292           |   1|   0|    1|          0|
    |write_flag312_0_reg_1663          |   1|   0|    1|          0|
    |write_flag312_1_reg_4992          |   1|   0|    1|          0|
    |write_flag315_0_reg_1685          |   1|   0|    1|          0|
    |write_flag315_1_reg_4982          |   1|   0|    1|          0|
    |write_flag318_0_reg_1696          |   1|   0|    1|          0|
    |write_flag318_1_reg_4977          |   1|   0|    1|          0|
    |write_flag321_0_reg_1718          |   1|   0|    1|          0|
    |write_flag321_1_reg_4967          |   1|   0|    1|          0|
    |write_flag324_0_reg_1729          |   1|   0|    1|          0|
    |write_flag324_1_reg_4962          |   1|   0|    1|          0|
    |write_flag327_0_reg_1751          |   1|   0|    1|          0|
    |write_flag327_1_reg_4952          |   1|   0|    1|          0|
    |write_flag330_0_reg_1762          |   1|   0|    1|          0|
    |write_flag330_1_reg_4947          |   1|   0|    1|          0|
    |write_flag333_0_reg_2114          |   1|   0|    1|          0|
    |write_flag333_1_reg_4787          |   1|   0|    1|          0|
    |write_flag336_0_reg_2081          |   1|   0|    1|          0|
    |write_flag336_1_reg_4802          |   1|   0|    1|          0|
    |write_flag339_0_reg_2048          |   1|   0|    1|          0|
    |write_flag339_1_reg_4817          |   1|   0|    1|          0|
    |write_flag33_0_reg_970            |   1|   0|    1|          0|
    |write_flag33_1_reg_5307           |   1|   0|    1|          0|
    |write_flag342_0_reg_2015          |   1|   0|    1|          0|
    |write_flag342_1_reg_4832          |   1|   0|    1|          0|
    |write_flag345_0_reg_1982          |   1|   0|    1|          0|
    |write_flag345_1_reg_4847          |   1|   0|    1|          0|
    |write_flag348_0_reg_1949          |   1|   0|    1|          0|
    |write_flag348_1_reg_4862          |   1|   0|    1|          0|
    |write_flag351_0_reg_1916          |   1|   0|    1|          0|
    |write_flag351_1_reg_4877          |   1|   0|    1|          0|
    |write_flag354_0_reg_1883          |   1|   0|    1|          0|
    |write_flag354_1_reg_4892          |   1|   0|    1|          0|
    |write_flag357_0_reg_1850          |   1|   0|    1|          0|
    |write_flag357_1_reg_4907          |   1|   0|    1|          0|
    |write_flag360_0_reg_1817          |   1|   0|    1|          0|
    |write_flag360_1_reg_4922          |   1|   0|    1|          0|
    |write_flag363_0_reg_1784          |   1|   0|    1|          0|
    |write_flag363_1_reg_4937          |   1|   0|    1|          0|
    |write_flag366_0_reg_1773          |   1|   0|    1|          0|
    |write_flag366_1_reg_4942          |   1|   0|    1|          0|
    |write_flag369_0_reg_1795          |   1|   0|    1|          0|
    |write_flag369_1_reg_4932          |   1|   0|    1|          0|
    |write_flag36_0_reg_937            |   1|   0|    1|          0|
    |write_flag36_1_reg_5322           |   1|   0|    1|          0|
    |write_flag372_0_reg_1806          |   1|   0|    1|          0|
    |write_flag372_1_reg_4927          |   1|   0|    1|          0|
    |write_flag375_0_reg_1828          |   1|   0|    1|          0|
    |write_flag375_1_reg_4917          |   1|   0|    1|          0|
    |write_flag378_0_reg_1839          |   1|   0|    1|          0|
    |write_flag378_1_reg_4912          |   1|   0|    1|          0|
    |write_flag381_0_reg_1861          |   1|   0|    1|          0|
    |write_flag381_1_reg_4902          |   1|   0|    1|          0|
    |write_flag384_0_reg_1872          |   1|   0|    1|          0|
    |write_flag384_1_reg_4897          |   1|   0|    1|          0|
    |write_flag387_0_reg_1894          |   1|   0|    1|          0|
    |write_flag387_1_reg_4887          |   1|   0|    1|          0|
    |write_flag390_0_reg_1905          |   1|   0|    1|          0|
    |write_flag390_1_reg_4882          |   1|   0|    1|          0|
    |write_flag393_0_reg_1927          |   1|   0|    1|          0|
    |write_flag393_1_reg_4872          |   1|   0|    1|          0|
    |write_flag396_0_reg_1938          |   1|   0|    1|          0|
    |write_flag396_1_reg_4867          |   1|   0|    1|          0|
    |write_flag399_0_reg_1960          |   1|   0|    1|          0|
    |write_flag399_1_reg_4857          |   1|   0|    1|          0|
    |write_flag39_0_reg_904            |   1|   0|    1|          0|
    |write_flag39_1_reg_5337           |   1|   0|    1|          0|
    |write_flag3_0_reg_607             |   1|   0|    1|          0|
    |write_flag3_1_reg_5472            |   1|   0|    1|          0|
    |write_flag402_0_reg_1971          |   1|   0|    1|          0|
    |write_flag402_1_reg_4852          |   1|   0|    1|          0|
    |write_flag405_0_reg_1993          |   1|   0|    1|          0|
    |write_flag405_1_reg_4842          |   1|   0|    1|          0|
    |write_flag408_0_reg_2004          |   1|   0|    1|          0|
    |write_flag408_1_reg_4837          |   1|   0|    1|          0|
    |write_flag411_0_reg_2026          |   1|   0|    1|          0|
    |write_flag411_1_reg_4827          |   1|   0|    1|          0|
    |write_flag414_0_reg_2037          |   1|   0|    1|          0|
    |write_flag414_1_reg_4822          |   1|   0|    1|          0|
    |write_flag417_0_reg_2059          |   1|   0|    1|          0|
    |write_flag417_1_reg_4812          |   1|   0|    1|          0|
    |write_flag420_0_reg_2070          |   1|   0|    1|          0|
    |write_flag420_1_reg_4807          |   1|   0|    1|          0|
    |write_flag423_0_reg_2092          |   1|   0|    1|          0|
    |write_flag423_1_reg_4797          |   1|   0|    1|          0|
    |write_flag426_0_reg_2103          |   1|   0|    1|          0|
    |write_flag426_1_reg_4792          |   1|   0|    1|          0|
    |write_flag429_0_reg_2125          |   1|   0|    1|          0|
    |write_flag429_1_reg_4782          |   1|   0|    1|          0|
    |write_flag42_0_reg_871            |   1|   0|    1|          0|
    |write_flag42_1_reg_5352           |   1|   0|    1|          0|
    |write_flag45_0_reg_838            |   1|   0|    1|          0|
    |write_flag45_1_reg_5367           |   1|   0|    1|          0|
    |write_flag48_0_reg_805            |   1|   0|    1|          0|
    |write_flag48_1_reg_5382           |   1|   0|    1|          0|
    |write_flag51_0_reg_772            |   1|   0|    1|          0|
    |write_flag51_1_reg_5397           |   1|   0|    1|          0|
    |write_flag54_0_reg_739            |   1|   0|    1|          0|
    |write_flag54_1_reg_5412           |   1|   0|    1|          0|
    |write_flag57_0_reg_706            |   1|   0|    1|          0|
    |write_flag57_1_reg_5427           |   1|   0|    1|          0|
    |write_flag60_0_reg_673            |   1|   0|    1|          0|
    |write_flag60_1_reg_5442           |   1|   0|    1|          0|
    |write_flag63_0_reg_662            |   1|   0|    1|          0|
    |write_flag63_1_reg_5447           |   1|   0|    1|          0|
    |write_flag66_0_reg_684            |   1|   0|    1|          0|
    |write_flag66_1_reg_5437           |   1|   0|    1|          0|
    |write_flag69_0_reg_695            |   1|   0|    1|          0|
    |write_flag69_1_reg_5432           |   1|   0|    1|          0|
    |write_flag6_0_reg_574             |   1|   0|    1|          0|
    |write_flag6_1_reg_5487            |   1|   0|    1|          0|
    |write_flag72_0_reg_717            |   1|   0|    1|          0|
    |write_flag72_1_reg_5422           |   1|   0|    1|          0|
    |write_flag75_0_reg_728            |   1|   0|    1|          0|
    |write_flag75_1_reg_5417           |   1|   0|    1|          0|
    |write_flag78_0_reg_750            |   1|   0|    1|          0|
    |write_flag78_1_reg_5407           |   1|   0|    1|          0|
    |write_flag81_0_reg_761            |   1|   0|    1|          0|
    |write_flag81_1_reg_5402           |   1|   0|    1|          0|
    |write_flag84_0_reg_783            |   1|   0|    1|          0|
    |write_flag84_1_reg_5392           |   1|   0|    1|          0|
    |write_flag87_0_reg_794            |   1|   0|    1|          0|
    |write_flag87_1_reg_5387           |   1|   0|    1|          0|
    |write_flag90_0_reg_816            |   1|   0|    1|          0|
    |write_flag90_1_reg_5377           |   1|   0|    1|          0|
    |write_flag93_0_reg_827            |   1|   0|    1|          0|
    |write_flag93_1_reg_5372           |   1|   0|    1|          0|
    |write_flag96_0_reg_849            |   1|   0|    1|          0|
    |write_flag96_1_reg_5362           |   1|   0|    1|          0|
    |write_flag99_0_reg_860            |   1|   0|    1|          0|
    |write_flag99_1_reg_5357           |   1|   0|    1|          0|
    |write_flag9_0_reg_552             |   1|   0|    1|          0|
    |write_flag9_1_reg_5497            |   1|   0|    1|          0|
    |write_flag_0_reg_640              |   1|   0|    1|          0|
    |write_flag_1_reg_5457             |   1|   0|    1|          0|
    +----------------------------------+----+----+-----+-----------+
    |Total                             | 610|   0|  623|         13|
    +----------------------------------+----+----+-----+-----------+



================================================================
== Interface
================================================================
* Summary: 
+----------------------+-----+-----+------------+--------------+--------------+
|       RTL Ports      | Dir | Bits|  Protocol  | Source Object|    C Type    |
+----------------------+-----+-----+------------+--------------+--------------+
|ap_clk                |  in |    1| ap_ctrl_hs |    Load_W    | return value |
|ap_rst                |  in |    1| ap_ctrl_hs |    Load_W    | return value |
|ap_start              |  in |    1| ap_ctrl_hs |    Load_W    | return value |
|ap_done               | out |    1| ap_ctrl_hs |    Load_W    | return value |
|ap_idle               | out |    1| ap_ctrl_hs |    Load_W    | return value |
|ap_ready              | out |    1| ap_ctrl_hs |    Load_W    | return value |
|m_axi_W_ddr_AWVALID   | out |    1|    m_axi   |     W_ddr    |    pointer   |
|m_axi_W_ddr_AWREADY   |  in |    1|    m_axi   |     W_ddr    |    pointer   |
|m_axi_W_ddr_AWADDR    | out |   32|    m_axi   |     W_ddr    |    pointer   |
|m_axi_W_ddr_AWID      | out |    1|    m_axi   |     W_ddr    |    pointer   |
|m_axi_W_ddr_AWLEN     | out |   32|    m_axi   |     W_ddr    |    pointer   |
|m_axi_W_ddr_AWSIZE    | out |    3|    m_axi   |     W_ddr    |    pointer   |
|m_axi_W_ddr_AWBURST   | out |    2|    m_axi   |     W_ddr    |    pointer   |
|m_axi_W_ddr_AWLOCK    | out |    2|    m_axi   |     W_ddr    |    pointer   |
|m_axi_W_ddr_AWCACHE   | out |    4|    m_axi   |     W_ddr    |    pointer   |
|m_axi_W_ddr_AWPROT    | out |    3|    m_axi   |     W_ddr    |    pointer   |
|m_axi_W_ddr_AWQOS     | out |    4|    m_axi   |     W_ddr    |    pointer   |
|m_axi_W_ddr_AWREGION  | out |    4|    m_axi   |     W_ddr    |    pointer   |
|m_axi_W_ddr_AWUSER    | out |    1|    m_axi   |     W_ddr    |    pointer   |
|m_axi_W_ddr_WVALID    | out |    1|    m_axi   |     W_ddr    |    pointer   |
|m_axi_W_ddr_WREADY    |  in |    1|    m_axi   |     W_ddr    |    pointer   |
|m_axi_W_ddr_WDATA     | out |   32|    m_axi   |     W_ddr    |    pointer   |
|m_axi_W_ddr_WSTRB     | out |    4|    m_axi   |     W_ddr    |    pointer   |
|m_axi_W_ddr_WLAST     | out |    1|    m_axi   |     W_ddr    |    pointer   |
|m_axi_W_ddr_WID       | out |    1|    m_axi   |     W_ddr    |    pointer   |
|m_axi_W_ddr_WUSER     | out |    1|    m_axi   |     W_ddr    |    pointer   |
|m_axi_W_ddr_ARVALID   | out |    1|    m_axi   |     W_ddr    |    pointer   |
|m_axi_W_ddr_ARREADY   |  in |    1|    m_axi   |     W_ddr    |    pointer   |
|m_axi_W_ddr_ARADDR    | out |   32|    m_axi   |     W_ddr    |    pointer   |
|m_axi_W_ddr_ARID      | out |    1|    m_axi   |     W_ddr    |    pointer   |
|m_axi_W_ddr_ARLEN     | out |   32|    m_axi   |     W_ddr    |    pointer   |
|m_axi_W_ddr_ARSIZE    | out |    3|    m_axi   |     W_ddr    |    pointer   |
|m_axi_W_ddr_ARBURST   | out |    2|    m_axi   |     W_ddr    |    pointer   |
|m_axi_W_ddr_ARLOCK    | out |    2|    m_axi   |     W_ddr    |    pointer   |
|m_axi_W_ddr_ARCACHE   | out |    4|    m_axi   |     W_ddr    |    pointer   |
|m_axi_W_ddr_ARPROT    | out |    3|    m_axi   |     W_ddr    |    pointer   |
|m_axi_W_ddr_ARQOS     | out |    4|    m_axi   |     W_ddr    |    pointer   |
|m_axi_W_ddr_ARREGION  | out |    4|    m_axi   |     W_ddr    |    pointer   |
|m_axi_W_ddr_ARUSER    | out |    1|    m_axi   |     W_ddr    |    pointer   |
|m_axi_W_ddr_RVALID    |  in |    1|    m_axi   |     W_ddr    |    pointer   |
|m_axi_W_ddr_RREADY    | out |    1|    m_axi   |     W_ddr    |    pointer   |
|m_axi_W_ddr_RDATA     |  in |   32|    m_axi   |     W_ddr    |    pointer   |
|m_axi_W_ddr_RLAST     |  in |    1|    m_axi   |     W_ddr    |    pointer   |
|m_axi_W_ddr_RID       |  in |    1|    m_axi   |     W_ddr    |    pointer   |
|m_axi_W_ddr_RUSER     |  in |    1|    m_axi   |     W_ddr    |    pointer   |
|m_axi_W_ddr_RRESP     |  in |    2|    m_axi   |     W_ddr    |    pointer   |
|m_axi_W_ddr_BVALID    |  in |    1|    m_axi   |     W_ddr    |    pointer   |
|m_axi_W_ddr_BREADY    | out |    1|    m_axi   |     W_ddr    |    pointer   |
|m_axi_W_ddr_BRESP     |  in |    2|    m_axi   |     W_ddr    |    pointer   |
|m_axi_W_ddr_BID       |  in |    1|    m_axi   |     W_ddr    |    pointer   |
|m_axi_W_ddr_BUSER     |  in |    1|    m_axi   |     W_ddr    |    pointer   |
+----------------------+-----+-----+------------+--------------+--------------+

